Mar  7 16:56:18 Suzuki rsyslogd:  [origin software="rsyslogd" swVersion="8.32.0" x-pid="736" x-info="http://www.rsyslog.com"] rsyslogd was HUPed
Mar  7 16:56:28 Suzuki anacron[1069]: Job `cron.daily' terminated
Mar  7 16:56:28 Suzuki anacron[1069]: Normal exit (1 job run)
Mar  7 16:57:34 Suzuki NetworkManager[737]: <info>  [1709801854.6666] dhcp4 (enp0s8): activation: beginning transaction (timeout in 45 seconds)
Mar  7 16:57:34 Suzuki NetworkManager[737]: <info>  [1709801854.6690] dhcp4 (enp0s8): dhclient started with pid 4308
Mar  7 16:57:34 Suzuki dhclient[4308]: DHCPDISCOVER on enp0s8 to 255.255.255.255 port 67 interval 3 (xid=0x42ef0763)
Mar  7 16:57:34 Suzuki dhclient[4308]: DHCPREQUEST of 192.168.56.118 on enp0s8 to 255.255.255.255 port 67 (xid=0x6307ef42)
Mar  7 16:57:34 Suzuki dhclient[4308]: DHCPOFFER of 192.168.56.118 from 192.168.56.100
Mar  7 16:57:34 Suzuki dhclient[4308]: DHCPACK of 192.168.56.118 from 192.168.56.100
Mar  7 16:57:34 Suzuki NetworkManager[737]: <info>  [1709801854.6952] dhcp4 (enp0s3): state changed bound -> expire
Mar  7 16:57:34 Suzuki NetworkManager[737]: <info>  [1709801854.7150] dhcp4 (enp0s3): canceled DHCP transaction, DHCP client pid 851
Mar  7 16:57:34 Suzuki NetworkManager[737]: <info>  [1709801854.7150] dhcp4 (enp0s3): state changed expire -> done
Mar  7 16:57:34 Suzuki NetworkManager[737]: <info>  [1709801854.7152] device (enp0s3): scheduling DHCPv4 restart in 120 seconds, 3 tries left (reason: lease expired)
Mar  7 16:57:34 Suzuki NetworkManager[737]: <info>  [1709801854.7177] dhcp4 (enp0s8):   address 192.168.56.118
Mar  7 16:57:34 Suzuki NetworkManager[737]: <info>  [1709801854.7178] dhcp4 (enp0s8):   plen 24 (255.255.255.0)
Mar  7 16:57:34 Suzuki NetworkManager[737]: <info>  [1709801854.7178] dhcp4 (enp0s8):   lease time 600
Mar  7 16:57:34 Suzuki NetworkManager[737]: <info>  [1709801854.7178] dhcp4 (enp0s8): state changed unknown -> bound
Mar  7 16:57:34 Suzuki dbus-daemon[711]: [system] Activating via systemd: service name='org.freedesktop.nm_dispatcher' unit='dbus-org.freedesktop.nm-dispatcher.service' requested by ':1.13' (uid=0 pid=737 comm="/usr/sbin/NetworkManager --no-daemon " label="unconfined")
Mar  7 16:57:34 Suzuki systemd[1]: Starting Network Manager Script Dispatcher Service...
Mar  7 16:57:34 Suzuki dhclient[4308]: bound to 192.168.56.118 -- renewal in 227 seconds.
Mar  7 16:57:34 Suzuki dbus-daemon[711]: [system] Successfully activated service 'org.freedesktop.nm_dispatcher'
Mar  7 16:57:34 Suzuki systemd[1]: Started Network Manager Script Dispatcher Service.
Mar  7 16:57:34 Suzuki nm-dispatcher: req:1 'dhcp4-change' [enp0s8]: new request (1 scripts)
Mar  7 16:57:34 Suzuki nm-dispatcher: req:1 'dhcp4-change' [enp0s8]: start running ordered scripts...
Mar  7 16:59:34 Suzuki NetworkManager[737]: <info>  [1709801974.7584] dhcp4 (enp0s3): activation: beginning transaction (timeout in 45 seconds)
Mar  7 16:59:34 Suzuki NetworkManager[737]: <info>  [1709801974.7607] dhcp4 (enp0s3): dhclient started with pid 4378
Mar  7 16:59:34 Suzuki dhclient[4378]: DHCPDISCOVER on enp0s3 to 255.255.255.255 port 67 interval 3 (xid=0x598bd17a)
Mar  7 16:59:34 Suzuki dhclient[4378]: DHCPREQUEST of 10.0.2.15 on enp0s3 to 255.255.255.255 port 67 (xid=0x7ad18b59)
Mar  7 16:59:34 Suzuki dhclient[4378]: DHCPOFFER of 10.0.2.15 from 10.0.2.2
Mar  7 16:59:34 Suzuki dhclient[4378]: DHCPACK of 10.0.2.15 from 10.0.2.2
Mar  7 16:59:34 Suzuki NetworkManager[737]: <info>  [1709801974.7908] dhcp4 (enp0s3):   address 10.0.2.15
Mar  7 16:59:34 Suzuki NetworkManager[737]: <info>  [1709801974.7909] dhcp4 (enp0s3):   plen 24 (255.255.255.0)
Mar  7 16:59:34 Suzuki NetworkManager[737]: <info>  [1709801974.7909] dhcp4 (enp0s3):   gateway 10.0.2.2
Mar  7 16:59:34 Suzuki NetworkManager[737]: <info>  [1709801974.7910] dhcp4 (enp0s3):   lease time 86400
Mar  7 16:59:34 Suzuki NetworkManager[737]: <info>  [1709801974.7910] dhcp4 (enp0s3):   nameserver '10.6.15.200'
Mar  7 16:59:34 Suzuki NetworkManager[737]: <info>  [1709801974.7911] dhcp4 (enp0s3):   domain name 'ns2.is'
Mar  7 16:59:34 Suzuki NetworkManager[737]: <info>  [1709801974.7911] dhcp4 (enp0s3): state changed unknown -> bound
Mar  7 16:59:34 Suzuki dbus-daemon[711]: [system] Activating via systemd: service name='org.freedesktop.nm_dispatcher' unit='dbus-org.freedesktop.nm-dispatcher.service' requested by ':1.13' (uid=0 pid=737 comm="/usr/sbin/NetworkManager --no-daemon " label="unconfined")
Mar  7 16:59:34 Suzuki systemd[1]: Starting Network Manager Script Dispatcher Service...
Mar  7 16:59:34 Suzuki dbus-daemon[711]: [system] Successfully activated service 'org.freedesktop.nm_dispatcher'
Mar  7 16:59:34 Suzuki systemd[1]: Started Network Manager Script Dispatcher Service.
Mar  7 16:59:34 Suzuki nm-dispatcher: req:1 'dhcp4-change' [enp0s3]: new request (1 scripts)
Mar  7 16:59:34 Suzuki nm-dispatcher: req:1 'dhcp4-change' [enp0s3]: start running ordered scripts...
Mar  7 16:59:34 Suzuki dhclient[4378]: bound to 10.0.2.15 -- renewal in 36975 seconds.
Mar  7 16:59:38 Suzuki pulseaudio[2143]: [alsa-sink-Intel ICH] alsa-sink.c: ALSA woke us up to write new data to the device, but there was actually nothing to write.
Mar  7 16:59:38 Suzuki pulseaudio[2143]: [alsa-sink-Intel ICH] alsa-sink.c: Most likely this is a bug in the ALSA driver 'snd_intel8x0'. Please report this issue to the ALSA developers.
Mar  7 16:59:38 Suzuki pulseaudio[2143]: [alsa-sink-Intel ICH] alsa-sink.c: We were woken up with POLLOUT set -- however a subsequent snd_pcm_avail() returned 0 or another value < min_avail.
Mar  7 16:59:52 Suzuki dbus-daemon[1944]: [session uid=1000 pid=1944] Activating via systemd: service name='org.freedesktop.portal.Desktop' unit='xdg-desktop-portal.service' requested by ':1.67' (uid=1000 pid=4396 comm="/usr/lib/firefox/firefox -new-window " label="unconfined")
Mar  7 16:59:52 Suzuki systemd[1908]: Starting Portal service...
Mar  7 16:59:52 Suzuki dbus-daemon[1944]: [session uid=1000 pid=1944] Activating via systemd: service name='org.freedesktop.portal.Documents' unit='xdg-document-portal.service' requested by ':1.69' (uid=1000 pid=4480 comm="/usr/libexec/xdg-desktop-portal " label="unconfined")
Mar  7 16:59:52 Suzuki systemd[1908]: Starting flatpak document portal service...
Mar  7 16:59:52 Suzuki dbus-daemon[1944]: [session uid=1000 pid=1944] Successfully activated service 'org.freedesktop.portal.Documents'
Mar  7 16:59:52 Suzuki systemd[1908]: Started flatpak document portal service.
Mar  7 16:59:52 Suzuki dbus-daemon[1944]: [session uid=1000 pid=1944] Activating via systemd: service name='org.freedesktop.impl.portal.desktop.gtk' unit='xdg-desktop-portal-gtk.service' requested by ':1.69' (uid=1000 pid=4480 comm="/usr/libexec/xdg-desktop-portal " label="unconfined")
Mar  7 16:59:52 Suzuki systemd[1908]: Starting Portal service (GTK+/GNOME implementation)...
Mar  7 16:59:52 Suzuki dbus-daemon[1944]: [session uid=1000 pid=1944] Successfully activated service 'org.freedesktop.impl.portal.desktop.gtk'
Mar  7 16:59:52 Suzuki systemd[1908]: Started Portal service (GTK+/GNOME implementation).
Mar  7 16:59:52 Suzuki dbus-daemon[1944]: [session uid=1000 pid=1944] Successfully activated service 'org.freedesktop.portal.Desktop'
Mar  7 16:59:52 Suzuki systemd[1908]: Started Portal service.
Mar  7 16:59:54 Suzuki rtkit-daemon[1284]: Supervising 3 threads of 1 processes of 1 users.
Mar  7 16:59:54 Suzuki rtkit-daemon[1284]: message repeated 5 times: [ Supervising 3 threads of 1 processes of 1 users.]
Mar  7 16:59:54 Suzuki rtkit-daemon[1284]: Successfully made thread 4585 of process 4396 (n/a) owned by '1000' RT at priority 10.
Mar  7 16:59:54 Suzuki rtkit-daemon[1284]: Supervising 4 threads of 2 processes of 1 users.
Mar  7 16:59:55 Suzuki rtkit-daemon[1284]: message repeated 2 times: [ Supervising 4 threads of 2 processes of 1 users.]
Mar  7 16:59:57 Suzuki org.gnome.Shell.desktop[2116]: [ERROR glean_core] Error setting metrics feature config: Json(Error("EOF while parsing a value", line: 1, column: 0))
Mar  7 16:59:57 Suzuki rtkit-daemon[1284]: Supervising 4 threads of 2 processes of 1 users.
Mar  7 17:00:31 Suzuki rtkit-daemon[1284]: message repeated 7 times: [ Supervising 4 threads of 2 processes of 1 users.]
Mar  7 17:01:22 Suzuki dhclient[4308]: DHCPREQUEST of 192.168.56.118 on enp0s8 to 192.168.56.100 port 67 (xid=0x6307ef42)
Mar  7 17:01:22 Suzuki dhclient[4308]: DHCPACK of 192.168.56.118 from 192.168.56.100
Mar  7 17:01:22 Suzuki NetworkManager[737]: <info>  [1709802082.0311] dhcp4 (enp0s8):   address 192.168.56.118
Mar  7 17:01:22 Suzuki NetworkManager[737]: <info>  [1709802082.0312] dhcp4 (enp0s8):   plen 24 (255.255.255.0)
Mar  7 17:01:22 Suzuki NetworkManager[737]: <info>  [1709802082.0312] dhcp4 (enp0s8):   lease time 600
Mar  7 17:01:22 Suzuki NetworkManager[737]: <info>  [1709802082.0312] dhcp4 (enp0s8): state changed bound -> bound
Mar  7 17:01:22 Suzuki dbus-daemon[711]: [system] Activating via systemd: service name='org.freedesktop.nm_dispatcher' unit='dbus-org.freedesktop.nm-dispatcher.service' requested by ':1.13' (uid=0 pid=737 comm="/usr/sbin/NetworkManager --no-daemon " label="unconfined")
Mar  7 17:01:22 Suzuki systemd[1]: Starting Network Manager Script Dispatcher Service...
Mar  7 17:01:22 Suzuki dhclient[4308]: bound to 192.168.56.118 -- renewal in 266 seconds.
Mar  7 17:01:22 Suzuki dbus-daemon[711]: [system] Successfully activated service 'org.freedesktop.nm_dispatcher'
Mar  7 17:01:22 Suzuki systemd[1]: Started Network Manager Script Dispatcher Service.
Mar  7 17:01:22 Suzuki nm-dispatcher: req:1 'dhcp4-change' [enp0s8]: new request (1 scripts)
Mar  7 17:01:22 Suzuki nm-dispatcher: req:1 'dhcp4-change' [enp0s8]: start running ordered scripts...
Mar  7 17:05:10 Suzuki systemd[1]: Started Run anacron jobs.
Mar  7 17:05:10 Suzuki anacron[5283]: Anacron 2.3 started on 2024-03-07
Mar  7 17:05:10 Suzuki anacron[5283]: Normal exit (0 jobs run)
Mar  7 17:05:40 Suzuki systemd[1]: Starting Cleanup of Temporary Directories...
Mar  7 17:05:40 Suzuki systemd[1]: Started Cleanup of Temporary Directories.
Mar  7 17:05:48 Suzuki dhclient[4308]: DHCPREQUEST of 192.168.56.118 on enp0s8 to 192.168.56.100 port 67 (xid=0x6307ef42)
Mar  7 17:05:48 Suzuki dhclient[4308]: DHCPACK of 192.168.56.118 from 192.168.56.100
Mar  7 17:05:48 Suzuki NetworkManager[737]: <info>  [1709802348.7280] dhcp4 (enp0s8):   address 192.168.56.118
Mar  7 17:05:48 Suzuki NetworkManager[737]: <info>  [1709802348.7281] dhcp4 (enp0s8):   plen 24 (255.255.255.0)
Mar  7 17:05:48 Suzuki NetworkManager[737]: <info>  [1709802348.7281] dhcp4 (enp0s8):   lease time 600
Mar  7 17:05:48 Suzuki NetworkManager[737]: <info>  [1709802348.7281] dhcp4 (enp0s8): state changed bound -> bound
Mar  7 17:05:48 Suzuki dbus-daemon[711]: [system] Activating via systemd: service name='org.freedesktop.nm_dispatcher' unit='dbus-org.freedesktop.nm-dispatcher.service' requested by ':1.13' (uid=0 pid=737 comm="/usr/sbin/NetworkManager --no-daemon " label="unconfined")
Mar  7 17:05:48 Suzuki systemd[1]: Starting Network Manager Script Dispatcher Service...
Mar  7 17:05:48 Suzuki dhclient[4308]: bound to 192.168.56.118 -- renewal in 229 seconds.
Mar  7 17:05:48 Suzuki dbus-daemon[711]: [system] Successfully activated service 'org.freedesktop.nm_dispatcher'
Mar  7 17:05:48 Suzuki systemd[1]: Started Network Manager Script Dispatcher Service.
Mar  7 17:05:48 Suzuki nm-dispatcher: req:1 'dhcp4-change' [enp0s8]: new request (1 scripts)
Mar  7 17:05:48 Suzuki nm-dispatcher: req:1 'dhcp4-change' [enp0s8]: start running ordered scripts...
Mar  7 17:09:37 Suzuki dhclient[4308]: DHCPREQUEST of 192.168.56.118 on enp0s8 to 192.168.56.100 port 67 (xid=0x6307ef42)
Mar  7 17:09:37 Suzuki dhclient[4308]: DHCPACK of 192.168.56.118 from 192.168.56.100
Mar  7 17:09:37 Suzuki NetworkManager[737]: <info>  [1709802577.9439] dhcp4 (enp0s8):   address 192.168.56.118
Mar  7 17:09:37 Suzuki dbus-daemon[711]: [system] Activating via systemd: service name='org.freedesktop.nm_dispatcher' unit='dbus-org.freedesktop.nm-dispatcher.service' requested by ':1.13' (uid=0 pid=737 comm="/usr/sbin/NetworkManager --no-daemon " label="unconfined")
Mar  7 17:09:37 Suzuki NetworkManager[737]: <info>  [1709802577.9439] dhcp4 (enp0s8):   plen 24 (255.255.255.0)
Mar  7 17:09:37 Suzuki NetworkManager[737]: <info>  [1709802577.9439] dhcp4 (enp0s8):   lease time 600
Mar  7 17:09:37 Suzuki NetworkManager[737]: <info>  [1709802577.9439] dhcp4 (enp0s8): state changed bound -> bound
Mar  7 17:09:37 Suzuki systemd[1]: Starting Network Manager Script Dispatcher Service...
Mar  7 17:09:37 Suzuki dhclient[4308]: bound to 192.168.56.118 -- renewal in 270 seconds.
Mar  7 17:09:37 Suzuki dbus-daemon[711]: [system] Successfully activated service 'org.freedesktop.nm_dispatcher'
Mar  7 17:09:37 Suzuki systemd[1]: Started Network Manager Script Dispatcher Service.
Mar  7 17:09:37 Suzuki nm-dispatcher: req:1 'dhcp4-change' [enp0s8]: new request (1 scripts)
Mar  7 17:09:37 Suzuki nm-dispatcher: req:1 'dhcp4-change' [enp0s8]: start running ordered scripts...
Mar  7 17:14:07 Suzuki dhclient[4308]: DHCPREQUEST of 192.168.56.118 on enp0s8 to 192.168.56.100 port 67 (xid=0x6307ef42)
Mar  7 17:14:07 Suzuki dhclient[4308]: DHCPACK of 192.168.56.118 from 192.168.56.100
Mar  7 17:14:07 Suzuki NetworkManager[737]: <info>  [1709802847.5275] dhcp4 (enp0s8):   address 192.168.56.118
Mar  7 17:14:07 Suzuki NetworkManager[737]: <info>  [1709802847.5275] dhcp4 (enp0s8):   plen 24 (255.255.255.0)
Mar  7 17:14:07 Suzuki NetworkManager[737]: <info>  [1709802847.5275] dhcp4 (enp0s8):   lease time 600
Mar  7 17:14:07 Suzuki NetworkManager[737]: <info>  [1709802847.5275] dhcp4 (enp0s8): state changed bound -> bound
Mar  7 17:14:07 Suzuki dbus-daemon[711]: [system] Activating via systemd: service name='org.freedesktop.nm_dispatcher' unit='dbus-org.freedesktop.nm-dispatcher.service' requested by ':1.13' (uid=0 pid=737 comm="/usr/sbin/NetworkManager --no-daemon " label="unconfined")
Mar  7 17:14:07 Suzuki systemd[1]: Starting Network Manager Script Dispatcher Service...
Mar  7 17:14:07 Suzuki dbus-daemon[711]: [system] Successfully activated service 'org.freedesktop.nm_dispatcher'
Mar  7 17:14:07 Suzuki systemd[1]: Started Network Manager Script Dispatcher Service.
Mar  7 17:14:07 Suzuki nm-dispatcher: req:1 'dhcp4-change' [enp0s8]: new request (1 scripts)
Mar  7 17:14:07 Suzuki nm-dispatcher: req:1 'dhcp4-change' [enp0s8]: start running ordered scripts...
Mar  7 17:14:07 Suzuki dhclient[4308]: bound to 192.168.56.118 -- renewal in 274 seconds.
Mar  7 17:14:26 Suzuki gnome-software[2548]: no app for changed ubuntu-dock@ubuntu.com
Mar  7 17:14:26 Suzuki gnome-shell[2116]: Object .Gjs_AppIndicatorIconActor__1 (0x55cb75012190), has been already finalized. Impossible to set any property to it.
Mar  7 17:14:26 Suzuki org.gnome.Shell.desktop[2116]: == Stack trace for context 0x55cb75178340 ==
Mar  7 17:14:26 Suzuki org.gnome.Shell.desktop[2116]: #0 0x7fffb77bbd70 b   resource:///org/gnome/gjs/modules/_legacy.js:83 (0x7fb6741b5de0 @ 87)
Mar  7 17:14:26 Suzuki org.gnome.Shell.desktop[2116]: #1 0x55cb7558f948 i   /usr/share/gnome-shell/extensions/ubuntu-appindicators@ubuntu.com/indicatorStatusIcon.js:93 (0x7fb6280c2780 @ 58)
Mar  7 17:14:26 Suzuki org.gnome.Shell.desktop[2116]: #2 0x7fffb77bd0d0 b   resource:///org/gnome/gjs/modules/_legacy.js:82 (0x7fb6741b5de0 @ 71)
Mar  7 17:14:26 Suzuki org.gnome.Shell.desktop[2116]: #3 0x7fffb77bd190 b   self-hosted:916 (0x7fb6741f12b8 @ 367)
Mar  7 17:14:26 Suzuki org.gnome.Shell.desktop[2116]: #4 0x7fffb77bd280 b   resource:///org/gnome/gjs/modules/signals.js:128 (0x7fb6741d2230 @ 386)
Mar  7 17:14:26 Suzuki org.gnome.Shell.desktop[2116]: #5 0x55cb7558f8c0 i   /usr/share/gnome-shell/extensions/ubuntu-appindicators@ubuntu.com/appIndicator.js:190 (0x7fb6280b2450 @ 22)
Mar  7 17:14:26 Suzuki org.gnome.Shell.desktop[2116]: #6 0x7fffb77be5e0 b   resource:///org/gnome/gjs/modules/_legacy.js:82 (0x7fb6741b5de0 @ 71)
Mar  7 17:14:26 Suzuki org.gnome.Shell.desktop[2116]: #7 0x55cb7558f818 i   /usr/share/gnome-shell/extensions/ubuntu-appindicators@ubuntu.com/statusNotifierWatcher.js:219 (0x7fb6280aea28 @ 225)
Mar  7 17:14:26 Suzuki org.gnome.Shell.desktop[2116]: #8 0x7fffb77bf940 b   resource:///org/gnome/gjs/modules/_legacy.js:82 (0x7fb6741b5de0 @ 71)
Mar  7 17:14:26 Suzuki org.gnome.Shell.desktop[2116]: #9 0x55cb7558f7a0 i   /usr/share/gnome-shell/extensions/ubuntu-appindicators@ubuntu.com/extension.js:61 (0x7fb628084bc0 @ 37)
Mar  7 17:14:26 Suzuki org.gnome.Shell.desktop[2116]: #10 0x55cb7558f6e0 i   resource:///org/gnome/shell/ui/extensionSystem.js:83 (0x7fb6740592b8 @ 441)
Mar  7 17:14:26 Suzuki org.gnome.Shell.desktop[2116]: #11 0x55cb7558f660 i   resource:///org/gnome/shell/ui/extensionSystem.js:354 (0x7fb674059d58 @ 13)
Mar  7 17:14:26 Suzuki org.gnome.Shell.desktop[2116]: #12 0x7fffb77c06b0 b   self-hosted:251 (0x7fb6741c4ab0 @ 223)
Mar  7 17:14:26 Suzuki org.gnome.Shell.desktop[2116]: #13 0x55cb7558f5e0 i   resource:///org/gnome/shell/ui/extensionSystem.js:353 (0x7fb674059cd0 @ 64)
Mar  7 17:14:26 Suzuki org.gnome.Shell.desktop[2116]: #14 0x55cb7558f560 i   resource:///org/gnome/shell/ui/extensionSystem.js:371 (0x7fb674059de0 @ 87)
Mar  7 17:14:26 Suzuki org.gnome.Shell.desktop[2116]: #15 0x7fffb77c1bb0 b   resource:///org/gnome/gjs/modules/signals.js:128 (0x7fb6741d2230 @ 386)
Mar  7 17:14:26 Suzuki org.gnome.Shell.desktop[2116]: #16 0x7fffb77c23c0 b   resource:///org/gnome/shell/ui/sessionMode.js:205 (0x7fb63c6705e8 @ 254)
Mar  7 17:14:26 Suzuki org.gnome.Shell.desktop[2116]: #17 0x7fffb77c37b0 b   resource:///org/gnome/gjs/modules/_legacy.js:82 (0x7fb6741b5de0 @ 71)
Mar  7 17:14:26 Suzuki org.gnome.Shell.desktop[2116]: #18 0x55cb7558f420 i   resource:///org/gnome/shell/ui/sessionMode.js:167 (0x7fb63c6703c8 @ 40)
Mar  7 17:14:26 Suzuki org.gnome.Shell.desktop[2116]: #19 0x7fffb77c4b10 b   resource:///org/gnome/gjs/modules/_legacy.js:82 (0x7fb6741b5de0 @ 71)
Mar  7 17:14:26 Suzuki gnome-software[2548]: no app for changed ubuntu-appindicators@ubuntu.com
Mar  7 17:14:26 Suzuki org.gnome.Shell.desktop[2116]: #20 0x55cb7558f378 i   resource:///org/gnome/shell/ui/screenShield.js:1282 (0x7fb63c653a28 @ 188)
Mar  7 17:14:26 Suzuki org.gnome.Shell.desktop[2116]: #21 0x7fffb77c5e70 b   resource:///org/gnome/gjs/modules/_legacy.js:82 (0x7fb6741b5de0 @ 71)
Mar  7 17:14:26 Suzuki org.gnome.Shell.desktop[2116]: #22 0x55cb7558f2f0 i   resource:///org/gnome/shell/ui/screenShield.js:902 (0x7fb63c651b38 @ 18)
Mar  7 17:14:26 Suzuki org.gnome.Shell.desktop[2116]: #23 0x7fffb77c71d0 b   resource:///org/gnome/gjs/modules/_legacy.js:82 (0x7fb6741b5de0 @ 71)
Mar  7 17:14:26 Suzuki org.gnome.Shell.desktop[2116]: #24 0x7fffb77c79e0 b   self-hosted:916 (0x7fb6741f12b8 @ 367)
Mar  7 17:14:26 Suzuki org.gnome.Shell.desktop[2116]: #25 0x7fffb77c8830 b   resource:///org/gnome/gjs/modules/signals.js:128 (0x7fb6741d2230 @ 386)
Mar  7 17:14:26 Suzuki org.gnome.Shell.desktop[2116]: #26 0x55cb7558f270 i   resource:///org/gnome/shell/ui/lightbox.js:186 (0x7fb674038a28 @ 29)
Mar  7 17:14:26 Suzuki org.gnome.Shell.desktop[2116]: #27 0x55cb7558f1e8 i   resource:///org/gnome/shell/ui/tweener.js:112 (0x7fb6741c8e68 @ 37)
Mar  7 17:14:26 Suzuki org.gnome.Shell.desktop[2116]: #28 0x55cb7558f148 i   resource:///org/gnome/gjs/modules/tweener/tweener.js:208 (0x7fb6741d2b38 @ 54)
Mar  7 17:14:26 Suzuki org.gnome.Shell.desktop[2116]: #29 0x55cb7558f028 i   resource:///org/gnome/gjs/modules/tweener/tweener.js:337 (0x7fb6741d2bc0 @ 1626)
Mar  7 17:14:26 Suzuki org.gnome.Shell.desktop[2116]: #30 0x55cb7558ef98 i   resource:///org/gnome/gjs/modules/tweener/tweener.js:350 (0x7fb6741d2c48 @ 100)
Mar  7 17:14:26 Suzuki org.gnome.Shell.desktop[2116]: #31 0x55cb7558ef20 i   resource:///org/gnome/gjs/modules/tweener/tweener.js:365 (0x7fb6741d2cd0 @ 10)
Mar  7 17:14:26 Suzuki org.gnome.Shell.desktop[2116]: #32 0x7fffb77cb7d0 b   resource:///org/gnome/gjs/modules/signals.js:128 (0x7fb6741d2230 @ 386)
Mar  7 17:14:26 Suzuki org.gnome.Shell.desktop[2116]: #33 0x55cb7558ee90 i   resource:///org/gnome/shell/ui/tweener.js:244 (0x7fb6741cf808 @ 159)
Mar  7 17:14:26 Suzuki org.gnome.Shell.desktop[2116]: #34 0x7fffb77ccb30 b   resource:///org/gnome/gjs/modules/_legacy.js:82 (0x7fb6741b5de0 @ 71)
Mar  7 17:14:26 Suzuki org.gnome.Shell.desktop[2116]: #35 0x55cb7558ee10 i   resource:///org/gnome/shell/ui/tweener.js:219 (0x7fb6741cf780 @ 15)
Mar  7 17:16:03 Suzuki gnome-software[2548]: no app for changed ubuntu-dock@ubuntu.com
Mar  7 17:16:03 Suzuki gnome-software[2548]: no app for changed ubuntu-appindicators@ubuntu.com
Mar  7 17:16:03 Suzuki gnome-shell[2116]: [AppIndicatorSupport-DEBUG] Registering StatusNotifierItem :1.63/org/ayatana/NotificationItem/livepatch
Mar  7 17:16:03 Suzuki dbus-daemon[1944]: [session uid=1000 pid=1944] Activating via systemd: service name='org.gtk.vfs.Metadata' unit='gvfs-metadata.service' requested by ':1.15' (uid=1000 pid=2116 comm="/usr/bin/gnome-shell " label="unconfined")
Mar  7 17:16:03 Suzuki systemd[1908]: Starting Virtual filesystem metadata service...
Mar  7 17:16:03 Suzuki dbus-daemon[1944]: [session uid=1000 pid=1944] Successfully activated service 'org.gtk.vfs.Metadata'
Mar  7 17:16:03 Suzuki systemd[1908]: Started Virtual filesystem metadata service.
Mar  7 17:16:03 Suzuki gvfsd-metadata[5366]: g_udev_device_has_property: assertion 'G_UDEV_IS_DEVICE (device)' failed
Mar  7 17:16:03 Suzuki gvfsd-metadata[5366]: g_udev_device_has_property: assertion 'G_UDEV_IS_DEVICE (device)' failed
Mar  7 17:17:01 Suzuki CRON[5371]: (root) CMD (   cd / && run-parts --report /etc/cron.hourly)
Mar  7 17:18:41 Suzuki dhclient[4308]: DHCPREQUEST of 192.168.56.118 on enp0s8 to 192.168.56.100 port 67 (xid=0x6307ef42)
Mar  7 17:18:41 Suzuki dhclient[4308]: DHCPACK of 192.168.56.118 from 192.168.56.100
Mar  7 17:18:41 Suzuki NetworkManager[737]: <info>  [1709803121.3223] dhcp4 (enp0s8):   address 192.168.56.118
Mar  7 17:18:41 Suzuki NetworkManager[737]: <info>  [1709803121.3224] dhcp4 (enp0s8):   plen 24 (255.255.255.0)
Mar  7 17:18:41 Suzuki NetworkManager[737]: <info>  [1709803121.3224] dhcp4 (enp0s8):   lease time 600
Mar  7 17:18:41 Suzuki NetworkManager[737]: <info>  [1709803121.3224] dhcp4 (enp0s8): state changed bound -> bound
Mar  7 17:18:41 Suzuki dbus-daemon[711]: [system] Activating via systemd: service name='org.freedesktop.nm_dispatcher' unit='dbus-org.freedesktop.nm-dispatcher.service' requested by ':1.13' (uid=0 pid=737 comm="/usr/sbin/NetworkManager --no-daemon " label="unconfined")
Mar  7 17:18:41 Suzuki systemd[1]: Starting Network Manager Script Dispatcher Service...
Mar  7 17:18:41 Suzuki dbus-daemon[711]: [system] Successfully activated service 'org.freedesktop.nm_dispatcher'
Mar  7 17:18:41 Suzuki systemd[1]: Started Network Manager Script Dispatcher Service.
Mar  7 17:18:41 Suzuki nm-dispatcher: req:1 'dhcp4-change' [enp0s8]: new request (1 scripts)
Mar  7 17:18:41 Suzuki nm-dispatcher: req:1 'dhcp4-change' [enp0s8]: start running ordered scripts...
Mar  7 17:18:41 Suzuki dhclient[4308]: bound to 192.168.56.118 -- renewal in 280 seconds.
Mar  7 17:22:06 Suzuki gnome-shell[2116]: Object .Gjs_AppIndicatorIconActor__1 (0x55cb7581d840), has been already finalized. Impossible to set any property to it.
Mar  7 17:22:06 Suzuki org.gnome.Shell.desktop[2116]: == Stack trace for context 0x55cb75178340 ==
Mar  7 17:22:06 Suzuki org.gnome.Shell.desktop[2116]: #0 0x7fffb77be4e0 I   resource:///org/gnome/gjs/modules/_legacy.js:83 (0x7fb6741b5de0 @ 87)
Mar  7 17:22:06 Suzuki org.gnome.Shell.desktop[2116]: #1 0x55cb7558f980 i   /usr/share/gnome-shell/extensions/ubuntu-appindicators@ubuntu.com/indicatorStatusIcon.js:93 (0x7fb6280c2780 @ 58)
Mar  7 17:22:06 Suzuki org.gnome.Shell.desktop[2116]: #2 0x7fffb77bf0c0 I   resource:///org/gnome/gjs/modules/_legacy.js:82 (0x7fb6741b5de0 @ 71)
Mar  7 17:22:06 Suzuki org.gnome.Shell.desktop[2116]: #3 0x7fffb77bf180 b   self-hosted:916 (0x7fb6741f12b8 @ 367)
Mar  7 17:22:06 Suzuki org.gnome.Shell.desktop[2116]: #4 0x7fffb77bf270 b   resource:///org/gnome/gjs/modules/signals.js:128 (0x7fb6741d2230 @ 386)
Mar  7 17:22:06 Suzuki org.gnome.Shell.desktop[2116]: #5 0x55cb7558f8f8 i   /usr/share/gnome-shell/extensions/ubuntu-appindicators@ubuntu.com/appIndicator.js:190 (0x7fb6280b2450 @ 22)
Mar  7 17:22:06 Suzuki org.gnome.Shell.desktop[2116]: #6 0x7fffb77bfec0 I   resource:///org/gnome/gjs/modules/_legacy.js:82 (0x7fb6741b5de0 @ 71)
Mar  7 17:22:06 Suzuki org.gnome.Shell.desktop[2116]: #7 0x55cb7558f850 i   /usr/share/gnome-shell/extensions/ubuntu-appindicators@ubuntu.com/statusNotifierWatcher.js:219 (0x7fb6280aea28 @ 225)
Mar  7 17:22:06 Suzuki org.gnome.Shell.desktop[2116]: #8 0x7fffb77c0aa0 I   resource:///org/gnome/gjs/modules/_legacy.js:82 (0x7fb6741b5de0 @ 71)
Mar  7 17:22:06 Suzuki org.gnome.Shell.desktop[2116]: #9 0x55cb7558f7d8 i   /usr/share/gnome-shell/extensions/ubuntu-appindicators@ubuntu.com/extension.js:61 (0x7fb628084bc0 @ 37)
Mar  7 17:22:06 Suzuki org.gnome.Shell.desktop[2116]: #10 0x55cb7558f718 i   resource:///org/gnome/shell/ui/extensionSystem.js:83 (0x7fb6740592b8 @ 441)
Mar  7 17:22:06 Suzuki org.gnome.Shell.desktop[2116]: #11 0x55cb7558f698 i   resource:///org/gnome/shell/ui/extensionSystem.js:354 (0x7fb674059d58 @ 13)
Mar  7 17:22:06 Suzuki org.gnome.Shell.desktop[2116]: #12 0x7fffb77c17a0 b   self-hosted:251 (0x7fb6741c4ab0 @ 223)
Mar  7 17:22:06 Suzuki org.gnome.Shell.desktop[2116]: #13 0x55cb7558f618 i   resource:///org/gnome/shell/ui/extensionSystem.js:353 (0x7fb674059cd0 @ 64)
Mar  7 17:22:06 Suzuki org.gnome.Shell.desktop[2116]: #14 0x55cb7558f598 i   resource:///org/gnome/shell/ui/extensionSystem.js:371 (0x7fb674059de0 @ 87)
Mar  7 17:22:06 Suzuki org.gnome.Shell.desktop[2116]: #15 0x7fffb77c2ca0 b   resource:///org/gnome/gjs/modules/signals.js:128 (0x7fb6741d2230 @ 386)
Mar  7 17:22:06 Suzuki org.gnome.Shell.desktop[2116]: #16 0x7fffb77c34b0 b   resource:///org/gnome/shell/ui/sessionMode.js:205 (0x7fb63c6705e8 @ 254)
Mar  7 17:22:06 Suzuki org.gnome.Shell.desktop[2116]: #17 0x7fffb77c48a0 b   resource:///org/gnome/gjs/modules/_legacy.js:82 (0x7fb6741b5de0 @ 71)
Mar  7 17:22:06 Suzuki org.gnome.Shell.desktop[2116]: #18 0x55cb7558f458 i   resource:///org/gnome/shell/ui/sessionMode.js:167 (0x7fb63c6703c8 @ 40)
Mar  7 17:22:06 Suzuki org.gnome.Shell.desktop[2116]: #19 0x7fffb77c5c00 b   resource:///org/gnome/gjs/modules/_legacy.js:82 (0x7fb6741b5de0 @ 71)
Mar  7 17:22:06 Suzuki gnome-software[2548]: no app for changed ubuntu-appindicators@ubuntu.com
Mar  7 17:22:06 Suzuki org.gnome.Shell.desktop[2116]: #20 0x55cb7558f3b0 i   resource:///org/gnome/shell/ui/screenShield.js:1282 (0x7fb63c653a28 @ 188)
Mar  7 17:22:06 Suzuki org.gnome.Shell.desktop[2116]: #21 0x7fffb77c6f60 b   resource:///org/gnome/gjs/modules/_legacy.js:82 (0x7fb6741b5de0 @ 71)
Mar  7 17:22:06 Suzuki org.gnome.Shell.desktop[2116]: #22 0x55cb7558f328 i   resource:///org/gnome/shell/ui/screenShield.js:902 (0x7fb63c651b38 @ 18)
Mar  7 17:22:06 Suzuki org.gnome.Shell.desktop[2116]: #23 0x7fffb77c82c0 b   resource:///org/gnome/gjs/modules/_legacy.js:82 (0x7fb6741b5de0 @ 71)
Mar  7 17:22:06 Suzuki org.gnome.Shell.desktop[2116]: #24 0x55cb7558f268 i   self-hosted:916 (0x7fb6741f12b8 @ 367)
Mar  7 17:22:06 Suzuki org.gnome.Shell.desktop[2116]: #25 0x7fffb77c9640 b   resource:///org/gnome/gjs/modules/signals.js:128 (0x7fb6741d2230 @ 386)
Mar  7 17:22:06 Suzuki org.gnome.Shell.desktop[2116]: #26 0x55cb7558f1e8 i   resource:///org/gnome/shell/ui/lightbox.js:186 (0x7fb674038a28 @ 29)
Mar  7 17:22:06 Suzuki org.gnome.Shell.desktop[2116]: #27 0x55cb7558f148 i   resource:///org/gnome/gjs/modules/tweener/tweener.js:208 (0x7fb6741d2b38 @ 54)
Mar  7 17:22:06 Suzuki org.gnome.Shell.desktop[2116]: #28 0x55cb7558f028 i   resource:///org/gnome/gjs/modules/tweener/tweener.js:337 (0x7fb6741d2bc0 @ 1626)
Mar  7 17:22:06 Suzuki org.gnome.Shell.desktop[2116]: #29 0x55cb7558ef98 i   resource:///org/gnome/gjs/modules/tweener/tweener.js:350 (0x7fb6741d2c48 @ 100)
Mar  7 17:22:06 Suzuki org.gnome.Shell.desktop[2116]: #30 0x55cb7558ef20 i   resource:///org/gnome/gjs/modules/tweener/tweener.js:365 (0x7fb6741d2cd0 @ 10)
Mar  7 17:22:06 Suzuki org.gnome.Shell.desktop[2116]: #31 0x7fffb77cb7d0 b   resource:///org/gnome/gjs/modules/signals.js:128 (0x7fb6741d2230 @ 386)
Mar  7 17:22:06 Suzuki org.gnome.Shell.desktop[2116]: #32 0x55cb7558ee90 i   resource:///org/gnome/shell/ui/tweener.js:244 (0x7fb6741cf808 @ 159)
Mar  7 17:22:06 Suzuki org.gnome.Shell.desktop[2116]: #33 0x7fffb77ccb30 b   resource:///org/gnome/gjs/modules/_legacy.js:82 (0x7fb6741b5de0 @ 71)
Mar  7 17:22:06 Suzuki org.gnome.Shell.desktop[2116]: #34 0x55cb7558ee10 i   resource:///org/gnome/shell/ui/tweener.js:219 (0x7fb6741cf780 @ 15)
Mar  7 17:22:06 Suzuki gnome-software[2548]: no app for changed ubuntu-dock@ubuntu.com
Mar  7 17:23:21 Suzuki dhclient[4308]: DHCPREQUEST of 192.168.56.118 on enp0s8 to 192.168.56.100 port 67 (xid=0x6307ef42)
Mar  7 17:23:21 Suzuki dhclient[4308]: DHCPACK of 192.168.56.118 from 192.168.56.100
Mar  7 17:23:21 Suzuki NetworkManager[737]: <info>  [1709803401.7065] dhcp4 (enp0s8):   address 192.168.56.118
Mar  7 17:23:21 Suzuki dbus-daemon[711]: [system] Activating via systemd: service name='org.freedesktop.nm_dispatcher' unit='dbus-org.freedesktop.nm-dispatcher.service' requested by ':1.13' (uid=0 pid=737 comm="/usr/sbin/NetworkManager --no-daemon " label="unconfined")
Mar  7 17:23:21 Suzuki NetworkManager[737]: <info>  [1709803401.7065] dhcp4 (enp0s8):   plen 24 (255.255.255.0)
Mar  7 17:23:21 Suzuki NetworkManager[737]: <info>  [1709803401.7065] dhcp4 (enp0s8):   lease time 600
Mar  7 17:23:21 Suzuki NetworkManager[737]: <info>  [1709803401.7065] dhcp4 (enp0s8): state changed bound -> bound
Mar  7 17:23:21 Suzuki systemd[1]: Starting Network Manager Script Dispatcher Service...
Mar  7 17:23:21 Suzuki dhclient[4308]: bound to 192.168.56.118 -- renewal in 263 seconds.
Mar  7 17:23:21 Suzuki dbus-daemon[711]: [system] Successfully activated service 'org.freedesktop.nm_dispatcher'
Mar  7 17:23:21 Suzuki systemd[1]: Started Network Manager Script Dispatcher Service.
Mar  7 17:23:21 Suzuki nm-dispatcher: req:1 'dhcp4-change' [enp0s8]: new request (1 scripts)
Mar  7 17:23:21 Suzuki nm-dispatcher: req:1 'dhcp4-change' [enp0s8]: start running ordered scripts...
Mar  7 17:27:44 Suzuki dhclient[4308]: DHCPREQUEST of 192.168.56.118 on enp0s8 to 192.168.56.100 port 67 (xid=0x6307ef42)
Mar  7 17:27:44 Suzuki dhclient[4308]: DHCPACK of 192.168.56.118 from 192.168.56.100
Mar  7 17:27:44 Suzuki NetworkManager[737]: <info>  [1709803664.8946] dhcp4 (enp0s8):   address 192.168.56.118
Mar  7 17:27:44 Suzuki dbus-daemon[711]: [system] Activating via systemd: service name='org.freedesktop.nm_dispatcher' unit='dbus-org.freedesktop.nm-dispatcher.service' requested by ':1.13' (uid=0 pid=737 comm="/usr/sbin/NetworkManager --no-daemon " label="unconfined")
Mar  7 17:27:44 Suzuki NetworkManager[737]: <info>  [1709803664.8946] dhcp4 (enp0s8):   plen 24 (255.255.255.0)
Mar  7 17:27:44 Suzuki dbus-daemon[711]: [system] Successfully activated service 'org.freedesktop.nm_dispatcher'
Mar  7 17:27:44 Suzuki NetworkManager[737]: <info>  [1709803664.8946] dhcp4 (enp0s8):   lease time 600
Mar  7 17:27:44 Suzuki nm-dispatcher: req:1 'dhcp4-change' [enp0s8]: new request (1 scripts)
Mar  7 17:27:44 Suzuki NetworkManager[737]: <info>  [1709803664.8946] dhcp4 (enp0s8): state changed bound -> bound
Mar  7 17:27:44 Suzuki nm-dispatcher: req:1 'dhcp4-change' [enp0s8]: start running ordered scripts...
Mar  7 17:27:44 Suzuki systemd[1]: Starting Network Manager Script Dispatcher Service...
Mar  7 17:27:44 Suzuki systemd[1]: Started Network Manager Script Dispatcher Service.
Mar  7 17:27:44 Suzuki dhclient[4308]: bound to 192.168.56.118 -- renewal in 250 seconds.
Mar  7 17:30:29 Suzuki gnome-software[2548]: no app for changed ubuntu-dock@ubuntu.com
Mar  7 17:30:29 Suzuki gnome-software[2548]: no app for changed ubuntu-appindicators@ubuntu.com
Mar  7 17:30:29 Suzuki gnome-shell[2116]: [AppIndicatorSupport-DEBUG] Registering StatusNotifierItem :1.63/org/ayatana/NotificationItem/livepatch
Mar  7 17:30:29 Suzuki gvfsd-metadata[5366]: g_udev_device_has_property: assertion 'G_UDEV_IS_DEVICE (device)' failed
Mar  7 17:30:29 Suzuki gvfsd-metadata[5366]: g_udev_device_has_property: assertion 'G_UDEV_IS_DEVICE (device)' failed
Mar  7 17:31:17 Suzuki systemd[1]: Started Session 5 of user rio.
Mar  7 17:31:55 Suzuki dhclient[4308]: DHCPREQUEST of 192.168.56.118 on enp0s8 to 192.168.56.100 port 67 (xid=0x6307ef42)
Mar  7 17:31:55 Suzuki dhclient[4308]: DHCPACK of 192.168.56.118 from 192.168.56.100
Mar  7 17:31:55 Suzuki NetworkManager[737]: <info>  [1709803915.1069] dhcp4 (enp0s8):   address 192.168.56.118
Mar  7 17:31:55 Suzuki NetworkManager[737]: <info>  [1709803915.1069] dhcp4 (enp0s8):   plen 24 (255.255.255.0)
Mar  7 17:31:55 Suzuki NetworkManager[737]: <info>  [1709803915.1069] dhcp4 (enp0s8):   lease time 600
Mar  7 17:31:55 Suzuki NetworkManager[737]: <info>  [1709803915.1069] dhcp4 (enp0s8): state changed bound -> bound
Mar  7 17:31:55 Suzuki dbus-daemon[711]: [system] Activating via systemd: service name='org.freedesktop.nm_dispatcher' unit='dbus-org.freedesktop.nm-dispatcher.service' requested by ':1.13' (uid=0 pid=737 comm="/usr/sbin/NetworkManager --no-daemon " label="unconfined")
Mar  7 17:31:55 Suzuki systemd[1]: Starting Network Manager Script Dispatcher Service...
Mar  7 17:31:55 Suzuki dhclient[4308]: bound to 192.168.56.118 -- renewal in 286 seconds.
Mar  7 17:31:55 Suzuki dbus-daemon[711]: [system] Successfully activated service 'org.freedesktop.nm_dispatcher'
Mar  7 17:31:55 Suzuki systemd[1]: Started Network Manager Script Dispatcher Service.
Mar  7 17:31:55 Suzuki nm-dispatcher: req:1 'dhcp4-change' [enp0s8]: new request (1 scripts)
Mar  7 17:31:55 Suzuki nm-dispatcher: req:1 'dhcp4-change' [enp0s8]: start running ordered scripts...
Mar  7 17:32:48 Suzuki systemd-resolved[548]: /etc/hosts:1: address 'Server1' is invalid, ignoring: Invalid argument
Mar  7 17:33:27 Suzuki systemd-resolved[548]: /etc/hosts:1: address 'Server1' is invalid, ignoring: Invalid argument
Mar  7 17:33:58 Suzuki systemd[1908]: Stopping D-Bus User Message Bus...
Mar  7 17:33:58 Suzuki gvfsd[2101]: A connection to the bus can't be made
Mar  7 17:33:58 Suzuki gvfsd[2101]: A connection to the bus can't be made
Mar  7 17:33:58 Suzuki gsd-screensaver[2237]: Error releasing name org.freedesktop.ScreenSaver: The connection is closed
Mar  7 17:33:58 Suzuki gnome-software[2548]: lost session service
Mar  7 17:33:58 Suzuki gsd-rfkill[2235]: Error releasing name org.gnome.SettingsDaemon.Rfkill: The connection is closed
Mar  7 17:33:58 Suzuki kernel: [ 2608.168681] rfkill: input handler enabled
Mar  7 17:33:58 Suzuki systemd[1908]: Stopped D-Bus User Message Bus.
Mar  7 17:33:58 Suzuki systemd[1908]: xdg-permission-store.service: Main process exited, code=exited, status=1/FAILURE
Mar  7 17:33:58 Suzuki systemd[1908]: xdg-permission-store.service: Failed with result 'exit-code'.
Mar  7 17:33:58 Suzuki gnome-session[1947]: gnome-session-binary[1947]: WARNING: Application 'org.gnome.SettingsDaemon.PrintNotifications.desktop' killed by signal 15
Mar  7 17:33:58 Suzuki systemd[1]: Stopped target Sound Card.
Mar  7 17:33:58 Suzuki systemd[1]: Stopped target Login Prompts (Pre).
Mar  7 17:33:58 Suzuki systemd[1]: Stopping ACPI event daemon...
Mar  7 17:33:58 Suzuki systemd[1]: Stopping Save/Restore Sound Card State...
Mar  7 17:33:58 Suzuki systemd[1]: Stopping Session 2 of user rio.
Mar  7 17:33:58 Suzuki systemd[1]: Stopping Manage, Install and Generate Color Profiles...
Mar  7 17:33:58 Suzuki systemd[1]: Stopped target Graphical Interface.
Mar  7 17:33:58 Suzuki systemd[1908]: xdg-document-portal.service: Main process exited, code=exited, status=20/n/a
Mar  7 17:33:58 Suzuki systemd[1908]: xdg-document-portal.service: Failed with result 'exit-code'.
Mar  7 17:33:58 Suzuki systemd[1]: Stopping Accounts Service...
Mar  7 17:33:58 Suzuki systemd[1]: Stopping User Manager for UID 1000...
Mar  7 17:33:58 Suzuki systemd[1]: Stopping Thunderbolt system service...
Mar  7 17:33:58 Suzuki systemd[1]: Stopping User Manager for UID 121...
Mar  7 17:33:58 Suzuki systemd[1]: Stopping GNOME Display Manager...
Mar  7 17:33:58 Suzuki systemd[1]: Stopped target Timers.
Mar  7 17:33:58 Suzuki systemd[1]: Stopped Daily apt upgrade and clean activities.
Mar  7 17:33:58 Suzuki systemd[1]: Stopped Trigger anacron every hour.
Mar  7 17:33:58 Suzuki systemd[1]: Stopped Discard unused blocks once a week.
Mar  7 17:33:58 Suzuki systemd[1]: Stopped Message of the Day.
Mar  7 17:33:58 Suzuki systemd[1]: Stopped Daily Cleanup of Temporary Directories.
Mar  7 17:33:58 Suzuki systemd[1]: Stopping Daemon for power management...
Mar  7 17:33:58 Suzuki systemd[1]: Closed Load/Save RF Kill Switch Status /dev/rfkill Watch.
Mar  7 17:33:58 Suzuki systemd[1]: Stopping RealtimeKit Scheduling Policy Service...
Mar  7 17:34:59 workstation systemd[1]: Starting Flush Journal to Persistent Storage...
Mar  7 17:34:59 workstation keyboard-setup.sh[264]: cannot open file /run/tmpkbd.jiGVnG
Mar  7 17:34:59 workstation systemd[1]: Started Load/Save Random Seed.
Mar  7 17:34:59 workstation systemd-modules-load[273]: Inserted module 'lp'
Mar  7 17:34:59 workstation systemd[1]: Activated swap /swapfile.
Mar  7 17:34:59 workstation systemd[1]: Reached target Swap.
Mar  7 17:34:59 workstation systemd-modules-load[273]: Inserted module 'ppdev'
Mar  7 17:34:59 workstation systemd-modules-load[273]: Inserted module 'parport_pc'
Mar  7 17:34:59 workstation systemd[1]: Started Load Kernel Modules.
Mar  7 17:34:59 workstation systemd[1]: Mounting Kernel Configuration File System...
Mar  7 17:34:59 workstation systemd[1]: Starting Apply Kernel Variables...
Mar  7 17:34:59 workstation systemd[1]: Mounting FUSE Control File System...
Mar  7 17:34:59 workstation systemd[1]: Mounted Kernel Configuration File System.
Mar  7 17:34:59 workstation systemd[1]: Mounted FUSE Control File System.
Mar  7 17:34:59 workstation systemd[1]: Started Apply Kernel Variables.
Mar  7 17:34:59 workstation systemd[1]: Started Create Static Device Nodes in /dev.
Mar  7 17:34:59 workstation kernel: [    0.000000] Linux version 5.4.0-150-generic (buildd@bos03-amd64-012) (gcc version 7.5.0 (Ubuntu 7.5.0-3ubuntu1~18.04)) #167~18.04.1-Ubuntu SMP Wed May 24 00:51:42 UTC 2023 (Ubuntu 5.4.0-150.167~18.04.1-generic 5.4.233)
Mar  7 17:34:59 workstation systemd[1]: Starting udev Kernel Device Manager...
Mar  7 17:34:59 workstation systemd[1]: Started Uncomplicated firewall.
Mar  7 17:34:59 workstation systemd[1]: Started Flush Journal to Persistent Storage.
Mar  7 17:34:59 workstation systemd[1]: Started udev Kernel Device Manager.
Mar  7 17:34:59 workstation systemd-udevd[399]: link_config: autonegotiation is unset or enabled, the speed and duplex are not writable.
Mar  7 17:34:59 workstation systemd-udevd[402]: link_config: autonegotiation is unset or enabled, the speed and duplex are not writable.
Mar  7 17:34:59 workstation systemd-udevd[405]: link_config: autonegotiation is unset or enabled, the speed and duplex are not writable.
Mar  7 17:34:59 workstation systemd[1]: Listening on Load/Save RF Kill Switch Status /dev/rfkill Watch.
Mar  7 17:34:59 workstation mtp-probe: checking bus 2, device 2: "/sys/devices/pci0000:00/0000:00:06.0/usb2/2-1"
Mar  7 17:34:59 workstation mtp-probe: bus: 2, device: 2 was not an MTP device
Mar  7 17:34:59 workstation systemd[1]: Started Set the console keyboard layout.
Mar  7 17:34:59 workstation systemd[1]: Reached target Local File Systems (Pre).
Mar  7 17:34:59 workstation systemd[1]: Mounting Mount unit for gnome-calculator, revision 260...
Mar  7 17:34:59 workstation systemd[1]: Mounting Mount unit for gtk-common-themes, revision 818...
Mar  7 17:34:59 workstation kernel: [    0.000000] Command line: BOOT_IMAGE=/boot/vmlinuz-5.4.0-150-generic root=UUID=eee5d67f-62fe-4c4b-8bf7-dee3a6fe7e87 ro quiet splash
Mar  7 17:34:59 workstation kernel: [    0.000000] KERNEL supported cpus:
Mar  7 17:34:59 workstation kernel: [    0.000000]   Intel GenuineIntel
Mar  7 17:34:59 workstation systemd[1]: Reached target Local File Systems.
Mar  7 17:34:59 workstation kernel: [    0.000000]   AMD AuthenticAMD
Mar  7 17:34:59 workstation kernel: [    0.000000]   Hygon HygonGenuine
Mar  7 17:34:59 workstation kernel: [    0.000000]   Centaur CentaurHauls
Mar  7 17:34:59 workstation systemd[1]: Starting Set console font and keymap...
Mar  7 17:34:59 workstation kernel: [    0.000000]   zhaoxin   Shanghai  
Mar  7 17:34:59 workstation kernel: [    0.000000] x86/fpu: x87 FPU will use FXSAVE
Mar  7 17:34:59 workstation kernel: [    0.000000] BIOS-provided physical RAM map:
Mar  7 17:34:59 workstation kernel: [    0.000000] BIOS-e820: [mem 0x0000000000000000-0x000000000009fbff] usable
Mar  7 17:34:59 workstation systemd[1]: Starting Clean up any mess left by 0dns-up...
Mar  7 17:34:59 workstation kernel: [    0.000000] BIOS-e820: [mem 0x000000000009fc00-0x000000000009ffff] reserved
Mar  7 17:34:59 workstation kernel: [    0.000000] BIOS-e820: [mem 0x00000000000f0000-0x00000000000fffff] reserved
Mar  7 17:34:59 workstation kernel: [    0.000000] BIOS-e820: [mem 0x0000000000100000-0x00000000dffeffff] usable
Mar  7 17:34:59 workstation kernel: [    0.000000] BIOS-e820: [mem 0x00000000dfff0000-0x00000000dfffffff] ACPI data
Mar  7 17:34:59 workstation kernel: [    0.000000] BIOS-e820: [mem 0x00000000fec00000-0x00000000fec00fff] reserved
Mar  7 17:34:59 workstation kernel: [    0.000000] BIOS-e820: [mem 0x00000000fee00000-0x00000000fee00fff] reserved
Mar  7 17:34:59 workstation systemd[1]: Starting Create Volatile Files and Directories...
Mar  7 17:34:59 workstation kernel: [    0.000000] BIOS-e820: [mem 0x00000000fffc0000-0x00000000ffffffff] reserved
Mar  7 17:34:59 workstation kernel: [    0.000000] BIOS-e820: [mem 0x0000000100000000-0x00000002e68fffff] usable
Mar  7 17:34:59 workstation kernel: [    0.000000] NX (Execute Disable) protection: active
Mar  7 17:34:59 workstation kernel: [    0.000000] SMBIOS 2.5 present.
Mar  7 17:34:59 workstation systemd[1]: Starting AppArmor initialization...
Mar  7 17:34:59 workstation kernel: [    0.000000] DMI: innotek GmbH VirtualBox/VirtualBox, BIOS VirtualBox 12/01/2006
Mar  7 17:34:59 workstation kernel: [    0.000000] Hypervisor detected: KVM
Mar  7 17:34:59 workstation kernel: [    0.000000] kvm-clock: Using msrs 4b564d01 and 4b564d00
Mar  7 17:34:59 workstation systemd[1]: Starting Tell Plymouth To Write Out Runtime Data...
Mar  7 17:34:59 workstation systemd[1]: Mounting Mount unit for core, revision 6350...
Mar  7 17:34:59 workstation systemd[1]: Mounting Mount unit for gnome-logs, revision 45...
Mar  7 17:34:59 workstation systemd[1]: Mounting Mount unit for gnome-system-monitor, revision 57...
Mar  7 17:34:59 workstation systemd[1]: Mounting Mount unit for gnome-characters, revision 139...
Mar  7 17:34:59 workstation systemd[1]: Mounting Mount unit for gnome-3-26-1604, revision 74...
Mar  7 17:34:59 workstation systemd[1]: Starting Show Plymouth Boot Screen...
Mar  7 17:34:59 workstation systemd[1]: Started Tell Plymouth To Write Out Runtime Data.
Mar  7 17:34:59 workstation systemd[1]: Started Set console font and keymap.
Mar  7 17:34:59 workstation systemd[1]: Started Clean up any mess left by 0dns-up.
Mar  7 17:34:59 workstation systemd[1]: Reached target Sound Card.
Mar  7 17:34:59 workstation systemd[1]: Mounted Mount unit for gnome-calculator, revision 260.
Mar  7 17:34:59 workstation systemd[1]: Started Create Volatile Files and Directories.
Mar  7 17:34:59 workstation systemd[1]: Mounted Mount unit for core, revision 6350.
Mar  7 17:34:59 workstation systemd[1]: Mounted Mount unit for gnome-logs, revision 45.
Mar  7 17:34:59 workstation systemd[1]: Mounted Mount unit for gnome-characters, revision 139.
Mar  7 17:34:59 workstation systemd[1]: Starting Update UTMP about System Boot/Shutdown...
Mar  7 17:34:59 workstation systemd[1]: Starting Network Name Resolution...
Mar  7 17:34:59 workstation systemd[1]: Starting Network Time Synchronization...
Mar  7 17:34:59 workstation systemd[1]: Mounted Mount unit for gtk-common-themes, revision 818.
Mar  7 17:34:59 workstation systemd[1]: Mounted Mount unit for gnome-3-26-1604, revision 74.
Mar  7 17:34:59 workstation systemd[1]: Mounted Mount unit for gnome-system-monitor, revision 57.
Mar  7 17:34:59 workstation systemd[1]: Started Network Time Synchronization.
Mar  7 17:34:59 workstation systemd[1]: Reached target System Time Synchronized.
Mar  7 17:34:59 workstation systemd-resolved[568]: Positive Trust Anchors:
Mar  7 17:34:59 workstation systemd-resolved[568]: . IN DS 19036 8 2 49aac11d7b6f6446702e54a1607371607a1a41855200fd2ce1cdde32f24e8fb5
Mar  7 17:34:59 workstation systemd-resolved[568]: . IN DS 20326 8 2 e06d44b80b8f1d39a95c0b0d7c65d08458e880409bbc683457104237c7f8ec8d
Mar  7 17:34:59 workstation systemd-resolved[568]: Negative trust anchors: 10.in-addr.arpa 16.172.in-addr.arpa 17.172.in-addr.arpa 18.172.in-addr.arpa 19.172.in-addr.arpa 20.172.in-addr.arpa 21.172.in-addr.arpa 22.172.in-addr.arpa 23.172.in-addr.arpa 24.172.in-addr.arpa 25.172.in-addr.arpa 26.172.in-addr.arpa 27.172.in-addr.arpa 28.172.in-addr.arpa 29.172.in-addr.arpa 30.172.in-addr.arpa 31.172.in-addr.arpa 168.192.in-addr.arpa d.f.ip6.arpa corp home internal intranet lan local private test
Mar  7 17:34:59 workstation systemd-resolved[568]: Using system hostname 'workstation'.
Mar  7 17:34:59 workstation systemd[1]: Started Network Name Resolution.
Mar  7 17:34:59 workstation systemd[1]: Reached target Host and Network Name Lookups.
Mar  7 17:34:59 workstation systemd[1]: Started Update UTMP about System Boot/Shutdown.
Mar  7 17:34:59 workstation systemd-resolved[568]: /etc/hosts:1: address 'Server1' is invalid, ignoring: Invalid argument
Mar  7 17:34:59 workstation systemd[1]: proc-sys-fs-binfmt_misc.automount: Got automount request for /proc/sys/fs/binfmt_misc, triggered by 451 (snap)
Mar  7 17:34:59 workstation systemd[1]: Mounting Arbitrary Executable File Formats File System...
Mar  7 17:34:59 workstation systemd[1]: Mounted Arbitrary Executable File Formats File System.
Mar  7 17:34:59 workstation systemd[1]: proc-sys-fs-binfmt_misc.automount: Got automount request for /proc/sys/fs/binfmt_misc, triggered by 473 (snap)
Mar  7 17:34:59 workstation systemd[1]: proc-sys-fs-binfmt_misc.automount: Automount point already active?
Mar  7 17:34:59 workstation systemd[1]: proc-sys-fs-binfmt_misc.automount: Got automount request for /proc/sys/fs/binfmt_misc, triggered by 451 (snap)
Mar  7 17:34:59 workstation kernel: [    0.000000] kvm-clock: cpu 0, msr 9a401001, primary cpu clock
Mar  7 17:34:59 workstation systemd[1]: proc-sys-fs-binfmt_misc.automount: Automount point already active?
Mar  7 17:34:59 workstation kernel: [    0.000000] kvm-clock: using sched offset of 7205212073612 cycles
Mar  7 17:34:59 workstation systemd[1]: proc-sys-fs-binfmt_misc.automount: Got automount request for /proc/sys/fs/binfmt_misc, triggered by 451 (snap)
Mar  7 17:34:59 workstation kernel: [    0.000002] clocksource: kvm-clock: mask: 0xffffffffffffffff max_cycles: 0x1cd42e4dffb, max_idle_ns: 881590591483 ns
Mar  7 17:34:59 workstation kernel: [    0.000003] tsc: Detected 2496.000 MHz processor
Mar  7 17:34:59 workstation kernel: [    0.002680] e820: update [mem 0x00000000-0x00000fff] usable ==> reserved
Mar  7 17:34:59 workstation systemd[1]: proc-sys-fs-binfmt_misc.automount: Automount point already active?
Mar  7 17:34:59 workstation kernel: [    0.002681] e820: remove [mem 0x000a0000-0x000fffff] usable
Mar  7 17:34:59 workstation systemd[1]: proc-sys-fs-binfmt_misc.automount: Got automount request for /proc/sys/fs/binfmt_misc, triggered by 451 (snap)
Mar  7 17:34:59 workstation systemd[1]: proc-sys-fs-binfmt_misc.automount: Automount point already active?
Mar  7 17:34:59 workstation kernel: [    0.002684] last_pfn = 0x2e6900 max_arch_pfn = 0x400000000
Mar  7 17:34:59 workstation kernel: [    0.002716] MTRR default type: uncachable
Mar  7 17:34:59 workstation kernel: [    0.002716] MTRR fixed ranges disabled:
Mar  7 17:34:59 workstation kernel: [    0.002717]   00000-FFFFF uncachable
Mar  7 17:34:59 workstation kernel: [    0.002717] MTRR variable ranges disabled:
Mar  7 17:34:59 workstation kernel: [    0.002718]   0 disabled
Mar  7 17:34:59 workstation kernel: [    0.002718]   1 disabled
Mar  7 17:34:59 workstation systemd[1]: proc-sys-fs-binfmt_misc.automount: Got automount request for /proc/sys/fs/binfmt_misc, triggered by 473 (snap)
Mar  7 17:34:59 workstation kernel: [    0.002718]   2 disabled
Mar  7 17:34:59 workstation kernel: [    0.002718]   3 disabled
Mar  7 17:34:59 workstation kernel: [    0.002719]   4 disabled
Mar  7 17:34:59 workstation kernel: [    0.002719]   5 disabled
Mar  7 17:34:59 workstation kernel: [    0.002719]   6 disabled
Mar  7 17:34:59 workstation kernel: [    0.002719]   7 disabled
Mar  7 17:34:59 workstation kernel: [    0.002723] Disabled
Mar  7 17:34:59 workstation kernel: [    0.002724] x86/PAT: MTRRs disabled, skipping PAT initialization too.
Mar  7 17:34:59 workstation kernel: [    0.002728] CPU MTRRs all blank - virtualized system.
Mar  7 17:34:59 workstation kernel: [    0.002729] x86/PAT: Configuration [0-7]: WB  WT  UC- UC  WB  WT  UC- UC  
Mar  7 17:34:59 workstation kernel: [    0.002730] last_pfn = 0xdfff0 max_arch_pfn = 0x400000000
Mar  7 17:34:59 workstation kernel: [    0.002769] found SMP MP-table at [mem 0x0009fff0-0x0009ffff]
Mar  7 17:34:59 workstation kernel: [    0.019142] check: Scanning 1 areas for low memory corruption
Mar  7 17:34:59 workstation kernel: [    0.019414] RAMDISK: [mem 0x328e1000-0x35467fff]
Mar  7 17:34:59 workstation kernel: [    0.019418] ACPI: Early table checksum verification disabled
Mar  7 17:34:59 workstation kernel: [    0.019421] ACPI: RSDP 0x00000000000E0000 000024 (v02 VBOX  )
Mar  7 17:34:59 workstation kernel: [    0.019424] ACPI: XSDT 0x00000000DFFF0030 00003C (v01 VBOX   VBOXXSDT 00000001 ASL  00000061)
Mar  7 17:34:59 workstation kernel: [    0.019428] ACPI: FACP 0x00000000DFFF00F0 0000F4 (v04 VBOX   VBOXFACP 00000001 ASL  00000061)
Mar  7 17:34:59 workstation kernel: [    0.019431] ACPI: DSDT 0x00000000DFFF0630 002353 (v02 VBOX   VBOXBIOS 00000002 INTL 20100528)
Mar  7 17:34:59 workstation kernel: [    0.019433] ACPI: FACS 0x00000000DFFF0200 000040
Mar  7 17:34:59 workstation kernel: [    0.019435] ACPI: FACS 0x00000000DFFF0200 000040
Mar  7 17:34:59 workstation kernel: [    0.019436] ACPI: APIC 0x00000000DFFF0240 00007C (v02 VBOX   VBOXAPIC 00000001 ASL  00000061)
Mar  7 17:34:59 workstation kernel: [    0.019438] ACPI: SSDT 0x00000000DFFF02C0 00036C (v01 VBOX   VBOXCPUT 00000002 INTL 20100528)
Mar  7 17:34:59 workstation kernel: [    0.019440] ACPI: Reserving FACP table memory at [mem 0xdfff00f0-0xdfff01e3]
Mar  7 17:34:59 workstation kernel: [    0.019440] ACPI: Reserving DSDT table memory at [mem 0xdfff0630-0xdfff2982]
Mar  7 17:34:59 workstation kernel: [    0.019440] ACPI: Reserving FACS table memory at [mem 0xdfff0200-0xdfff023f]
Mar  7 17:34:59 workstation kernel: [    0.019441] ACPI: Reserving FACS table memory at [mem 0xdfff0200-0xdfff023f]
Mar  7 17:34:59 workstation kernel: [    0.019441] ACPI: Reserving APIC table memory at [mem 0xdfff0240-0xdfff02bb]
Mar  7 17:34:59 workstation kernel: [    0.019441] ACPI: Reserving SSDT table memory at [mem 0xdfff02c0-0xdfff062b]
Mar  7 17:34:59 workstation kernel: [    0.019463] ACPI: Local APIC address 0xfee00000
Mar  7 17:34:59 workstation kernel: [    0.020022] No NUMA configuration found
Mar  7 17:34:59 workstation kernel: [    0.020023] Faking a node at [mem 0x0000000000000000-0x00000002e68fffff]
Mar  7 17:34:59 workstation kernel: [    0.020028] NODE_DATA(0) allocated [mem 0x2e68d5000-0x2e68fffff]
Mar  7 17:34:59 workstation kernel: [    0.020511] Zone ranges:
Mar  7 17:34:59 workstation kernel: [    0.020512]   DMA      [mem 0x0000000000001000-0x0000000000ffffff]
Mar  7 17:34:59 workstation kernel: [    0.020513]   DMA32    [mem 0x0000000001000000-0x00000000ffffffff]
Mar  7 17:34:59 workstation kernel: [    0.020513]   Normal   [mem 0x0000000100000000-0x00000002e68fffff]
Mar  7 17:34:59 workstation kernel: [    0.020514]   Device   empty
Mar  7 17:34:59 workstation kernel: [    0.020514] Movable zone start for each node
Mar  7 17:34:59 workstation kernel: [    0.020515] Early memory node ranges
Mar  7 17:34:59 workstation kernel: [    0.020515]   node   0: [mem 0x0000000000001000-0x000000000009efff]
Mar  7 17:34:59 workstation kernel: [    0.020516]   node   0: [mem 0x0000000000100000-0x00000000dffeffff]
Mar  7 17:34:59 workstation kernel: [    0.020517]   node   0: [mem 0x0000000100000000-0x00000002e68fffff]
Mar  7 17:34:59 workstation kernel: [    0.021150] Zeroed struct page in unavailable ranges: 6002 pages
Mar  7 17:34:59 workstation kernel: [    0.021151] Initmem setup node 0 [mem 0x0000000000001000-0x00000002e68fffff]
Mar  7 17:34:59 workstation kernel: [    0.021152] On node 0 totalpages: 2910350
Mar  7 17:34:59 workstation kernel: [    0.021153]   DMA zone: 64 pages used for memmap
Mar  7 17:34:59 workstation kernel: [    0.021153]   DMA zone: 21 pages reserved
Mar  7 17:34:59 workstation kernel: [    0.021154]   DMA zone: 3998 pages, LIFO batch:0
Mar  7 17:34:59 workstation kernel: [    0.021555]   DMA32 zone: 14272 pages used for memmap
Mar  7 17:34:59 workstation kernel: [    0.021555]   DMA32 zone: 913392 pages, LIFO batch:63
Mar  7 17:34:59 workstation kernel: [    0.120160]   Normal zone: 31140 pages used for memmap
Mar  7 17:34:59 workstation kernel: [    0.120162]   Normal zone: 1992960 pages, LIFO batch:63
Mar  7 17:34:59 workstation kernel: [    0.348896] ACPI: PM-Timer IO Port: 0x4008
Mar  7 17:34:59 workstation kernel: [    0.348899] ACPI: Local APIC address 0xfee00000
Mar  7 17:34:59 workstation kernel: [    0.349091] IOAPIC[0]: apic_id 6, version 32, address 0xfec00000, GSI 0-23
Mar  7 17:34:59 workstation kernel: [    0.349093] ACPI: INT_SRC_OVR (bus 0 bus_irq 0 global_irq 2 dfl dfl)
Mar  7 17:34:59 workstation kernel: [    0.349094] ACPI: INT_SRC_OVR (bus 0 bus_irq 9 global_irq 9 low level)
Mar  7 17:34:59 workstation kernel: [    0.349095] ACPI: IRQ0 used by override.
Mar  7 17:34:59 workstation kernel: [    0.349096] ACPI: IRQ9 used by override.
Mar  7 17:34:59 workstation kernel: [    0.349098] Using ACPI (MADT) for SMP configuration information
Mar  7 17:34:59 workstation kernel: [    0.349117] smpboot: Allowing 6 CPUs, 0 hotplug CPUs
Mar  7 17:34:59 workstation kernel: [    0.349189] PM: Registered nosave memory: [mem 0x00000000-0x00000fff]
Mar  7 17:34:59 workstation kernel: [    0.349190] PM: Registered nosave memory: [mem 0x0009f000-0x0009ffff]
Mar  7 17:34:59 workstation kernel: [    0.349190] PM: Registered nosave memory: [mem 0x000a0000-0x000effff]
Mar  7 17:34:59 workstation kernel: [    0.349190] PM: Registered nosave memory: [mem 0x000f0000-0x000fffff]
Mar  7 17:34:59 workstation systemd[1]: proc-sys-fs-binfmt_misc.automount: Automount point already active?
Mar  7 17:34:59 workstation kernel: [    0.349191] PM: Registered nosave memory: [mem 0xdfff0000-0xdfffffff]
Mar  7 17:34:59 workstation kernel: [    0.349191] PM: Registered nosave memory: [mem 0xe0000000-0xfebfffff]
Mar  7 17:34:59 workstation kernel: [    0.349192] PM: Registered nosave memory: [mem 0xfec00000-0xfec00fff]
Mar  7 17:34:59 workstation kernel: [    0.349192] PM: Registered nosave memory: [mem 0xfec01000-0xfedfffff]
Mar  7 17:34:59 workstation kernel: [    0.349192] PM: Registered nosave memory: [mem 0xfee00000-0xfee00fff]
Mar  7 17:34:59 workstation kernel: [    0.349192] PM: Registered nosave memory: [mem 0xfee01000-0xfffbffff]
Mar  7 17:34:59 workstation kernel: [    0.349193] PM: Registered nosave memory: [mem 0xfffc0000-0xffffffff]
Mar  7 17:34:59 workstation kernel: [    0.349194] [mem 0xe0000000-0xfebfffff] available for PCI devices
Mar  7 17:34:59 workstation kernel: [    0.349194] Booting paravirtualized kernel on KVM
Mar  7 17:34:59 workstation kernel: [    0.349196] clocksource: refined-jiffies: mask: 0xffffffff max_cycles: 0xffffffff, max_idle_ns: 7645519600211568 ns
Mar  7 17:34:59 workstation kernel: [    0.349199] setup_percpu: NR_CPUS:8192 nr_cpumask_bits:6 nr_cpu_ids:6 nr_node_ids:1
Mar  7 17:34:59 workstation kernel: [    0.353173] percpu: Embedded 60 pages/cpu s208896 r8192 d28672 u262144
Mar  7 17:34:59 workstation kernel: [    0.353177] pcpu-alloc: s208896 r8192 d28672 u262144 alloc=1*2097152
Mar  7 17:34:59 workstation kernel: [    0.353177] pcpu-alloc: [0] 0 1 2 3 4 5 - - 
Mar  7 17:34:59 workstation kernel: [    0.353244] PV qspinlock hash table entries: 256 (order: 0, 4096 bytes, linear)
Mar  7 17:34:59 workstation kernel: [    0.353257] Built 1 zonelists, mobility grouping on.  Total pages: 2864853
Mar  7 17:34:59 workstation kernel: [    0.353258] Policy zone: Normal
Mar  7 17:34:59 workstation systemd[1]: proc-sys-fs-binfmt_misc.automount: Got automount request for /proc/sys/fs/binfmt_misc, triggered by 451 (snap)
Mar  7 17:34:59 workstation systemd[1]: proc-sys-fs-binfmt_misc.automount: Automount point already active?
Mar  7 17:34:59 workstation systemd[1]: proc-sys-fs-binfmt_misc.automount: Got automount request for /proc/sys/fs/binfmt_misc, triggered by 473 (snap)
Mar  7 17:34:59 workstation systemd[1]: proc-sys-fs-binfmt_misc.automount: Automount point already active?
Mar  7 17:34:59 workstation systemd[1]: proc-sys-fs-binfmt_misc.automount: Got automount request for /proc/sys/fs/binfmt_misc, triggered by 473 (snap)
Mar  7 17:34:59 workstation systemd[1]: proc-sys-fs-binfmt_misc.automount: Automount point already active?
Mar  7 17:34:59 workstation systemd[1]: proc-sys-fs-binfmt_misc.automount: Got automount request for /proc/sys/fs/binfmt_misc, triggered by 451 (snap)
Mar  7 17:34:59 workstation systemd[1]: proc-sys-fs-binfmt_misc.automount: Automount point already active?
Mar  7 17:34:59 workstation systemd[1]: proc-sys-fs-binfmt_misc.automount: Got automount request for /proc/sys/fs/binfmt_misc, triggered by 451 (snap)
Mar  7 17:34:59 workstation systemd[1]: proc-sys-fs-binfmt_misc.automount: Automount point already active?
Mar  7 17:34:59 workstation systemd[1]: proc-sys-fs-binfmt_misc.automount: Got automount request for /proc/sys/fs/binfmt_misc, triggered by 473 (snap)
Mar  7 17:34:59 workstation systemd[1]: proc-sys-fs-binfmt_misc.automount: Automount point already active?
Mar  7 17:34:59 workstation systemd[1]: proc-sys-fs-binfmt_misc.automount: Got automount request for /proc/sys/fs/binfmt_misc, triggered by 473 (snap)
Mar  7 17:34:59 workstation systemd[1]: proc-sys-fs-binfmt_misc.automount: Automount point already active?
Mar  7 17:34:59 workstation systemd[1]: proc-sys-fs-binfmt_misc.automount: Got automount request for /proc/sys/fs/binfmt_misc, triggered by 451 (snap)
Mar  7 17:34:59 workstation systemd[1]: proc-sys-fs-binfmt_misc.automount: Automount point already active?
Mar  7 17:34:59 workstation systemd[1]: proc-sys-fs-binfmt_misc.automount: Got automount request for /proc/sys/fs/binfmt_misc, triggered by 473 (snap)
Mar  7 17:34:59 workstation systemd[1]: proc-sys-fs-binfmt_misc.automount: Automount point already active?
Mar  7 17:34:59 workstation systemd[1]: proc-sys-fs-binfmt_misc.automount: Got automount request for /proc/sys/fs/binfmt_misc, triggered by 473 (snap)
Mar  7 17:34:59 workstation systemd[1]: proc-sys-fs-binfmt_misc.automount: Automount point already active?
Mar  7 17:34:59 workstation systemd[1]: proc-sys-fs-binfmt_misc.automount: Got automount request for /proc/sys/fs/binfmt_misc, triggered by 451 (snap)
Mar  7 17:34:59 workstation systemd[1]: proc-sys-fs-binfmt_misc.automount: Automount point already active?
Mar  7 17:34:59 workstation systemd[1]: proc-sys-fs-binfmt_misc.automount: Got automount request for /proc/sys/fs/binfmt_misc, triggered by 473 (snap)
Mar  7 17:34:59 workstation systemd[1]: proc-sys-fs-binfmt_misc.automount: Automount point already active?
Mar  7 17:34:59 workstation systemd[1]: proc-sys-fs-binfmt_misc.automount: Got automount request for /proc/sys/fs/binfmt_misc, triggered by 473 (snap)
Mar  7 17:34:59 workstation systemd[1]: proc-sys-fs-binfmt_misc.automount: Automount point already active?
Mar  7 17:34:59 workstation systemd[1]: proc-sys-fs-binfmt_misc.automount: Got automount request for /proc/sys/fs/binfmt_misc, triggered by 451 (snap)
Mar  7 17:34:59 workstation kernel: [    0.353259] Kernel command line: BOOT_IMAGE=/boot/vmlinuz-5.4.0-150-generic root=UUID=eee5d67f-62fe-4c4b-8bf7-dee3a6fe7e87 ro quiet splash
Mar  7 17:34:59 workstation systemd[1]: proc-sys-fs-binfmt_misc.automount: Automount point already active?
Mar  7 17:34:59 workstation kernel: [    0.388687] Dentry cache hash table entries: 2097152 (order: 12, 16777216 bytes, linear)
Mar  7 17:34:59 workstation systemd[1]: proc-sys-fs-binfmt_misc.automount: Got automount request for /proc/sys/fs/binfmt_misc, triggered by 473 (snap)
Mar  7 17:34:59 workstation kernel: [    0.406981] Inode-cache hash table entries: 1048576 (order: 11, 8388608 bytes, linear)
Mar  7 17:34:59 workstation kernel: [    0.407076] mem auto-init: stack:off, heap alloc:on, heap free:off
Mar  7 17:34:59 workstation kernel: [    0.469520] Calgary: detecting Calgary via BIOS EBDA area
Mar  7 17:34:59 workstation kernel: [    0.469522] Calgary: Unable to locate Rio Grande table in EBDA - bailing!
Mar  7 17:34:59 workstation systemd[1]: proc-sys-fs-binfmt_misc.automount: Automount point already active?
Mar  7 17:34:59 workstation kernel: [    0.485292] Memory: 11285372K/11641400K available (14339K kernel code, 2375K rwdata, 9472K rodata, 2748K init, 4980K bss, 356028K reserved, 0K cma-reserved)
Mar  7 17:34:59 workstation kernel: [    0.485837] SLUB: HWalign=64, Order=0-3, MinObjects=0, CPUs=6, Nodes=1
Mar  7 17:34:59 workstation kernel: [    0.485887] ftrace: allocating 44386 entries in 174 pages
Mar  7 17:34:59 workstation systemd[1]: proc-sys-fs-binfmt_misc.automount: Got automount request for /proc/sys/fs/binfmt_misc, triggered by 473 (snap)
Mar  7 17:34:59 workstation kernel: [    0.498576] rcu: Hierarchical RCU implementation.
Mar  7 17:34:59 workstation kernel: [    0.498578] rcu: 	RCU restricting CPUs from NR_CPUS=8192 to nr_cpu_ids=6.
Mar  7 17:34:59 workstation kernel: [    0.498578] 	Tasks RCU enabled.
Mar  7 17:34:59 workstation kernel: [    0.498579] rcu: RCU calculated value of scheduler-enlistment delay is 25 jiffies.
Mar  7 17:34:59 workstation kernel: [    0.498579] rcu: Adjusting geometry for rcu_fanout_leaf=16, nr_cpu_ids=6
Mar  7 17:34:59 workstation systemd[1]: proc-sys-fs-binfmt_misc.automount: Automount point already active?
Mar  7 17:34:59 workstation kernel: [    0.500520] NR_IRQS: 524544, nr_irqs: 472, preallocated irqs: 16
Mar  7 17:34:59 workstation kernel: [    0.500854] random: crng init done
Mar  7 17:34:59 workstation kernel: [    0.529481] Console: colour VGA+ 80x25
Mar  7 17:34:59 workstation systemd[1]: proc-sys-fs-binfmt_misc.automount: Got automount request for /proc/sys/fs/binfmt_misc, triggered by 451 (snap)
Mar  7 17:34:59 workstation kernel: [    0.529484] printk: console [tty0] enabled
Mar  7 17:34:59 workstation kernel: [    0.529526] ACPI: Core revision 20190816
Mar  7 17:34:59 workstation kernel: [    0.529675] APIC: Switch to symmetric I/O mode setup
Mar  7 17:34:59 workstation kernel: [    0.538494] ..TIMER: vector=0x30 apic1=0 pin1=2 apic2=-1 pin2=-1
Mar  7 17:34:59 workstation kernel: [    0.538664] clocksource: tsc-early: mask: 0xffffffffffffffff max_cycles: 0x23fa772cf26, max_idle_ns: 440795269835 ns
Mar  7 17:34:59 workstation kernel: [    0.538667] Calibrating delay loop (skipped) preset value.. 4992.00 BogoMIPS (lpj=9984000)
Mar  7 17:34:59 workstation kernel: [    0.538669] pid_max: default: 32768 minimum: 301
Mar  7 17:34:59 workstation kernel: [    0.538712] LSM: Security Framework initializing
Mar  7 17:34:59 workstation systemd[1]: proc-sys-fs-binfmt_misc.automount: Automount point already active?
Mar  7 17:34:59 workstation kernel: [    0.538733] Yama: becoming mindful.
Mar  7 17:34:59 workstation kernel: [    0.538903] AppArmor: AppArmor initialized
Mar  7 17:34:59 workstation kernel: [    0.539371] Mount-cache hash table entries: 32768 (order: 6, 262144 bytes, linear)
Mar  7 17:34:59 workstation systemd[1]: proc-sys-fs-binfmt_misc.automount: Got automount request for /proc/sys/fs/binfmt_misc, triggered by 451 (snap)
Mar  7 17:34:59 workstation kernel: [    0.539799] Mountpoint-cache hash table entries: 32768 (order: 6, 262144 bytes, linear)
Mar  7 17:34:59 workstation kernel: [    0.539830] *** VALIDATE tmpfs ***
Mar  7 17:34:59 workstation kernel: [    0.540082] *** VALIDATE proc ***
Mar  7 17:34:59 workstation kernel: [    0.540151] *** VALIDATE cgroup1 ***
Mar  7 17:34:59 workstation systemd[1]: proc-sys-fs-binfmt_misc.automount: Automount point already active?
Mar  7 17:34:59 workstation kernel: [    0.540152] *** VALIDATE cgroup2 ***
Mar  7 17:34:59 workstation kernel: [    0.540887] Last level iTLB entries: 4KB 0, 2MB 0, 4MB 0
Mar  7 17:34:59 workstation systemd[1]: proc-sys-fs-binfmt_misc.automount: Got automount request for /proc/sys/fs/binfmt_misc, triggered by 473 (snap)
Mar  7 17:34:59 workstation kernel: [    0.540888] Last level dTLB entries: 4KB 0, 2MB 0, 4MB 0, 1GB 0
Mar  7 17:34:59 workstation kernel: [    0.540890] Spectre V1 : Mitigation: usercopy/swapgs barriers and __user pointer sanitization
Mar  7 17:34:59 workstation systemd[1]: proc-sys-fs-binfmt_misc.automount: Automount point already active?
Mar  7 17:34:59 workstation kernel: [    0.540891] Spectre V2 : Mitigation: Enhanced IBRS
Mar  7 17:34:59 workstation kernel: [    0.540892] Spectre V2 : Spectre v2 / SpectreRSB mitigation: Filling RSB on context switch
Mar  7 17:34:59 workstation kernel: [    0.540892] Spectre V2 : Spectre v2 / PBRSB-eIBRS: Retire a single CALL on VMEXIT
Mar  7 17:34:59 workstation kernel: [    0.540892] RETBleed: Mitigation: Enhanced IBRS
Mar  7 17:34:59 workstation kernel: [    0.540892] Speculative Store Bypass: Vulnerable
Mar  7 17:34:59 workstation systemd[1]: proc-sys-fs-binfmt_misc.automount: Got automount request for /proc/sys/fs/binfmt_misc, triggered by 473 (snap)
Mar  7 17:34:59 workstation kernel: [    0.541031] Freeing SMP alternatives memory: 40K
Mar  7 17:34:59 workstation kernel: [    0.650924] smpboot: CPU0: 12th Gen Intel(R) Core(TM) i5-12400 (family: 0x6, model: 0x97, stepping: 0x2)
Mar  7 17:34:59 workstation kernel: [    0.651235] Performance Events: unsupported p6 CPU model 151 no PMU driver, software events only.
Mar  7 17:34:59 workstation kernel: [    0.651283] rcu: Hierarchical SRCU implementation.
Mar  7 17:34:59 workstation systemd[1]: proc-sys-fs-binfmt_misc.automount: Automount point already active?
Mar  7 17:34:59 workstation kernel: [    0.651600] NMI watchdog: Perf NMI watchdog permanently disabled
Mar  7 17:34:59 workstation kernel: [    0.651954] smp: Bringing up secondary CPUs ...
Mar  7 17:34:59 workstation systemd[1]: proc-sys-fs-binfmt_misc.automount: Got automount request for /proc/sys/fs/binfmt_misc, triggered by 473 (snap)
Mar  7 17:34:59 workstation kernel: [    0.652284] x86: Booting SMP configuration:
Mar  7 17:34:59 workstation kernel: [    0.652284] .... node  #0, CPUs:      #1
Mar  7 17:34:59 workstation kernel: [    0.037820] kvm-clock: cpu 1, msr 9a401041, secondary cpu clock
Mar  7 17:34:59 workstation kernel: [    0.654665] TSC synchronization [CPU#0 -> CPU#1]:
Mar  7 17:34:59 workstation kernel: [    0.654665] Measured 95577 cycles TSC warp between CPUs, turning off TSC clock.
Mar  7 17:34:59 workstation systemd[1]: proc-sys-fs-binfmt_misc.automount: Automount point already active?
Mar  7 17:34:59 workstation kernel: [    0.654665] tsc: Marking TSC unstable due to check_tsc_sync_source failed
Mar  7 17:34:59 workstation kernel: [    0.655176]  #2
Mar  7 17:34:59 workstation systemd[1]: proc-sys-fs-binfmt_misc.automount: Got automount request for /proc/sys/fs/binfmt_misc, triggered by 451 (snap)
Mar  7 17:34:59 workstation kernel: [    0.037820] kvm-clock: cpu 2, msr 9a401081, secondary cpu clock
Mar  7 17:34:59 workstation kernel: [    0.658920]  #3
Mar  7 17:34:59 workstation kernel: [    0.037820] kvm-clock: cpu 3, msr 9a4010c1, secondary cpu clock
Mar  7 17:34:59 workstation kernel: [    0.660632]  #4
Mar  7 17:34:59 workstation systemd[1]: proc-sys-fs-binfmt_misc.automount: Automount point already active?
Mar  7 17:34:59 workstation kernel: [    0.037820] kvm-clock: cpu 4, msr 9a401101, secondary cpu clock
Mar  7 17:34:59 workstation kernel: [    0.663336]  #5
Mar  7 17:34:59 workstation kernel: [    0.037820] kvm-clock: cpu 5, msr 9a401141, secondary cpu clock
Mar  7 17:34:59 workstation kernel: [    0.667190] smp: Brought up 1 node, 6 CPUs
Mar  7 17:34:59 workstation kernel: [    0.667192] smpboot: Max logical packages: 1
Mar  7 17:34:59 workstation systemd[1]: proc-sys-fs-binfmt_misc.automount: Got automount request for /proc/sys/fs/binfmt_misc, triggered by 473 (snap)
Mar  7 17:34:59 workstation kernel: [    0.667193] smpboot: Total of 6 processors activated (29952.00 BogoMIPS)
Mar  7 17:34:59 workstation kernel: [    0.667596] devtmpfs: initialized
Mar  7 17:34:59 workstation kernel: [    0.667596] x86/mm: Memory block size: 128MB
Mar  7 17:34:59 workstation kernel: [    0.668051] clocksource: jiffies: mask: 0xffffffff max_cycles: 0xffffffff, max_idle_ns: 7645041785100000 ns
Mar  7 17:34:59 workstation systemd[1]: proc-sys-fs-binfmt_misc.automount: Automount point already active?
Mar  7 17:34:59 workstation kernel: [    0.668051] futex hash table entries: 2048 (order: 5, 131072 bytes, linear)
Mar  7 17:34:59 workstation kernel: [    0.668051] pinctrl core: initialized pinctrl subsystem
Mar  7 17:34:59 workstation systemd[1]: proc-sys-fs-binfmt_misc.automount: Got automount request for /proc/sys/fs/binfmt_misc, triggered by 473 (snap)
Mar  7 17:34:59 workstation kernel: [    0.668051] PM: RTC time: 09:34:40, date: 2024-03-07
Mar  7 17:34:59 workstation kernel: [    0.670739] NET: Registered protocol family 16
Mar  7 17:34:59 workstation kernel: [    0.670812] audit: initializing netlink subsys (disabled)
Mar  7 17:34:59 workstation kernel: [    0.670909] audit: type=2000 audit(1709811285.520:1): state=initialized audit_enabled=0 res=1
Mar  7 17:34:59 workstation systemd[1]: proc-sys-fs-binfmt_misc.automount: Automount point already active?
Mar  7 17:34:59 workstation kernel: [    0.670909] EISA bus registered
Mar  7 17:34:59 workstation kernel: [    0.670909] cpuidle: using governor ladder
Mar  7 17:34:59 workstation kernel: [    0.670909] cpuidle: using governor menu
Mar  7 17:34:59 workstation systemd[1]: proc-sys-fs-binfmt_misc.automount: Got automount request for /proc/sys/fs/binfmt_misc, triggered by 451 (snap)
Mar  7 17:34:59 workstation kernel: [    0.670909] ACPI: bus type PCI registered
Mar  7 17:34:59 workstation kernel: [    0.670909] acpiphp: ACPI Hot Plug PCI Controller Driver version: 0.5
Mar  7 17:34:59 workstation kernel: [    0.671131] PCI: Using configuration type 1 for base access
Mar  7 17:34:59 workstation kernel: [    0.672785] HugeTLB registered 2.00 MiB page size, pre-allocated 0 pages
Mar  7 17:34:59 workstation systemd[1]: proc-sys-fs-binfmt_misc.automount: Automount point already active?
Mar  7 17:34:59 workstation systemd[1]: proc-sys-fs-binfmt_misc.automount: Got automount request for /proc/sys/fs/binfmt_misc, triggered by 473 (snap)
Mar  7 17:34:59 workstation kernel: [    0.682882] ACPI: Added _OSI(Module Device)
Mar  7 17:34:59 workstation kernel: [    0.682882] ACPI: Added _OSI(Processor Device)
Mar  7 17:34:59 workstation kernel: [    0.682882] ACPI: Added _OSI(3.0 _SCP Extensions)
Mar  7 17:34:59 workstation kernel: [    0.682882] ACPI: Added _OSI(Processor Aggregator Device)
Mar  7 17:34:59 workstation kernel: [    0.682882] ACPI: Added _OSI(Linux-Dell-Video)
Mar  7 17:34:59 workstation systemd[1]: proc-sys-fs-binfmt_misc.automount: Automount point already active?
Mar  7 17:34:59 workstation kernel: [    0.682882] ACPI: Added _OSI(Linux-Lenovo-NV-HDMI-Audio)
Mar  7 17:34:59 workstation systemd[1]: proc-sys-fs-binfmt_misc.automount: Got automount request for /proc/sys/fs/binfmt_misc, triggered by 473 (snap)
Mar  7 17:34:59 workstation kernel: [    0.682882] ACPI: Added _OSI(Linux-HPI-Hybrid-Graphics)
Mar  7 17:34:59 workstation kernel: [    0.687168] ACPI: 2 ACPI AML tables successfully acquired and loaded
Mar  7 17:34:59 workstation kernel: [    0.688605] ACPI: Interpreter enabled
Mar  7 17:34:59 workstation kernel: [    0.688611] ACPI: (supports S0 S5)
Mar  7 17:34:59 workstation kernel: [    0.688612] ACPI: Using IOAPIC for interrupt routing
Mar  7 17:34:59 workstation systemd[1]: proc-sys-fs-binfmt_misc.automount: Automount point already active?
Mar  7 17:34:59 workstation kernel: [    0.688796] PCI: Using host bridge windows from ACPI; if necessary, use "pci=nocrs" and report a bug
Mar  7 17:34:59 workstation kernel: [    0.688876] ACPI: Enabled 2 GPEs in block 00 to 07
Mar  7 17:34:59 workstation systemd[1]: proc-sys-fs-binfmt_misc.automount: Got automount request for /proc/sys/fs/binfmt_misc, triggered by 451 (snap)
Mar  7 17:34:59 workstation kernel: [    0.691780] ACPI: PCI Root Bridge [PCI0] (domain 0000 [bus 00-ff])
Mar  7 17:34:59 workstation kernel: [    0.691784] acpi PNP0A03:00: _OSC: OS supports [ASPM ClockPM Segments MSI HPX-Type3]
Mar  7 17:34:59 workstation kernel: [    0.692144] acpi PNP0A03:00: _OSC: not requesting OS control; OS requires [ExtendedConfig ASPM ClockPM MSI]
Mar  7 17:34:59 workstation systemd[1]: proc-sys-fs-binfmt_misc.automount: Automount point already active?
Mar  7 17:34:59 workstation kernel: [    0.692149] acpi PNP0A03:00: fail to add MMCONFIG information, can't access extended PCI configuration space under this bridge.
Mar  7 17:34:59 workstation kernel: [    0.692475] PCI host bridge to bus 0000:00
Mar  7 17:34:59 workstation kernel: [    0.692476] pci_bus 0000:00: root bus resource [io  0x0000-0x0cf7 window]
Mar  7 17:34:59 workstation kernel: [    0.692477] pci_bus 0000:00: root bus resource [io  0x0d00-0xffff window]
Mar  7 17:34:59 workstation systemd[1]: proc-sys-fs-binfmt_misc.automount: Got automount request for /proc/sys/fs/binfmt_misc, triggered by 473 (snap)
Mar  7 17:34:59 workstation kernel: [    0.692478] pci_bus 0000:00: root bus resource [mem 0x000a0000-0x000bffff window]
Mar  7 17:34:59 workstation kernel: [    0.692478] pci_bus 0000:00: root bus resource [mem 0xe0000000-0xfdffffff window]
Mar  7 17:34:59 workstation kernel: [    0.692479] pci_bus 0000:00: root bus resource [bus 00-ff]
Mar  7 17:34:59 workstation kernel: [    0.692545] pci 0000:00:00.0: [8086:1237] type 00 class 0x060000
Mar  7 17:34:59 workstation kernel: [    0.694665] pci 0000:00:01.0: [8086:7000] type 00 class 0x060100
Mar  7 17:34:59 workstation systemd[1]: proc-sys-fs-binfmt_misc.automount: Automount point already active?
Mar  7 17:34:59 workstation kernel: [    0.695688] pci 0000:00:01.1: [8086:7111] type 00 class 0x01018a
Mar  7 17:34:59 workstation systemd[1]: proc-sys-fs-binfmt_misc.automount: Got automount request for /proc/sys/fs/binfmt_misc, triggered by 473 (snap)
Mar  7 17:34:59 workstation kernel: [    0.696301] pci 0000:00:01.1: reg 0x20: [io  0xd000-0xd00f]
Mar  7 17:34:59 workstation kernel: [    0.696558] pci 0000:00:01.1: legacy IDE quirk: reg 0x10: [io  0x01f0-0x01f7]
Mar  7 17:34:59 workstation kernel: [    0.696558] pci 0000:00:01.1: legacy IDE quirk: reg 0x14: [io  0x03f6]
Mar  7 17:34:59 workstation kernel: [    0.696559] pci 0000:00:01.1: legacy IDE quirk: reg 0x18: [io  0x0170-0x0177]
Mar  7 17:34:59 workstation kernel: [    0.696559] pci 0000:00:01.1: legacy IDE quirk: reg 0x1c: [io  0x0376]
Mar  7 17:34:59 workstation systemd[1]: proc-sys-fs-binfmt_misc.automount: Automount point already active?
Mar  7 17:34:59 workstation kernel: [    0.698665] pci 0000:00:02.0: [15ad:0405] type 00 class 0x030000
Mar  7 17:34:59 workstation systemd[1]: proc-sys-fs-binfmt_misc.automount: Got automount request for /proc/sys/fs/binfmt_misc, triggered by 473 (snap)
Mar  7 17:34:59 workstation kernel: [    0.698975] pci 0000:00:02.0: reg 0x10: [io  0xd010-0xd01f]
Mar  7 17:34:59 workstation kernel: [    0.699532] pci 0000:00:02.0: reg 0x14: [mem 0xe0000000-0xe0ffffff pref]
Mar  7 17:34:59 workstation kernel: [    0.700092] pci 0000:00:02.0: reg 0x18: [mem 0xf0000000-0xf01fffff]
Mar  7 17:34:59 workstation kernel: [    0.704444] pci 0000:00:03.0: [8086:100e] type 00 class 0x020000
Mar  7 17:34:59 workstation kernel: [    0.704754] pci 0000:00:03.0: reg 0x10: [mem 0xf0200000-0xf021ffff]
Mar  7 17:34:59 workstation systemd[1]: proc-sys-fs-binfmt_misc.automount: Automount point already active?
Mar  7 17:34:59 workstation systemd[1]: proc-sys-fs-binfmt_misc.automount: Got automount request for /proc/sys/fs/binfmt_misc, triggered by 473 (snap)
Mar  7 17:34:59 workstation systemd[1]: proc-sys-fs-binfmt_misc.automount: Automount point already active?
Mar  7 17:34:59 workstation systemd[1]: proc-sys-fs-binfmt_misc.automount: Got automount request for /proc/sys/fs/binfmt_misc, triggered by 451 (snap)
Mar  7 17:34:59 workstation systemd[1]: proc-sys-fs-binfmt_misc.automount: Automount point already active?
Mar  7 17:34:59 workstation systemd[1]: proc-sys-fs-binfmt_misc.automount: Got automount request for /proc/sys/fs/binfmt_misc, triggered by 473 (snap)
Mar  7 17:34:59 workstation systemd[1]: proc-sys-fs-binfmt_misc.automount: Automount point already active?
Mar  7 17:34:59 workstation systemd[1]: proc-sys-fs-binfmt_misc.automount: Got automount request for /proc/sys/fs/binfmt_misc, triggered by 451 (snap)
Mar  7 17:34:59 workstation systemd[1]: proc-sys-fs-binfmt_misc.automount: Automount point already active?
Mar  7 17:34:59 workstation systemd[1]: proc-sys-fs-binfmt_misc.automount: Got automount request for /proc/sys/fs/binfmt_misc, triggered by 451 (snap)
Mar  7 17:34:59 workstation systemd[1]: proc-sys-fs-binfmt_misc.automount: Automount point already active?
Mar  7 17:34:59 workstation systemd[1]: proc-sys-fs-binfmt_misc.automount: Got automount request for /proc/sys/fs/binfmt_misc, triggered by 451 (snap)
Mar  7 17:34:59 workstation systemd[1]: proc-sys-fs-binfmt_misc.automount: Automount point already active?
Mar  7 17:34:59 workstation systemd[1]: proc-sys-fs-binfmt_misc.automount: Got automount request for /proc/sys/fs/binfmt_misc, triggered by 451 (snap)
Mar  7 17:34:59 workstation systemd[1]: proc-sys-fs-binfmt_misc.automount: Automount point already active?
Mar  7 17:34:59 workstation systemd[1]: proc-sys-fs-binfmt_misc.automount: Got automount request for /proc/sys/fs/binfmt_misc, triggered by 451 (snap)
Mar  7 17:34:59 workstation systemd[1]: proc-sys-fs-binfmt_misc.automount: Automount point already active?
Mar  7 17:34:59 workstation systemd[1]: proc-sys-fs-binfmt_misc.automount: Got automount request for /proc/sys/fs/binfmt_misc, triggered by 451 (snap)
Mar  7 17:34:59 workstation systemd[1]: proc-sys-fs-binfmt_misc.automount: Automount point already active?
Mar  7 17:34:59 workstation systemd[1]: proc-sys-fs-binfmt_misc.automount: Got automount request for /proc/sys/fs/binfmt_misc, triggered by 473 (snap)
Mar  7 17:34:59 workstation systemd[1]: proc-sys-fs-binfmt_misc.automount: Automount point already active?
Mar  7 17:34:59 workstation systemd[1]: proc-sys-fs-binfmt_misc.automount: Got automount request for /proc/sys/fs/binfmt_misc, triggered by 473 (snap)
Mar  7 17:34:59 workstation systemd[1]: proc-sys-fs-binfmt_misc.automount: Automount point already active?
Mar  7 17:34:59 workstation systemd[1]: proc-sys-fs-binfmt_misc.automount: Got automount request for /proc/sys/fs/binfmt_misc, triggered by 473 (snap)
Mar  7 17:34:59 workstation systemd[1]: proc-sys-fs-binfmt_misc.automount: Automount point already active?
Mar  7 17:34:59 workstation systemd[1]: proc-sys-fs-binfmt_misc.automount: Got automount request for /proc/sys/fs/binfmt_misc, triggered by 473 (snap)
Mar  7 17:34:59 workstation systemd[1]: proc-sys-fs-binfmt_misc.automount: Automount point already active?
Mar  7 17:34:59 workstation systemd[1]: proc-sys-fs-binfmt_misc.automount: Got automount request for /proc/sys/fs/binfmt_misc, triggered by 473 (snap)
Mar  7 17:34:59 workstation systemd[1]: proc-sys-fs-binfmt_misc.automount: Automount point already active?
Mar  7 17:34:59 workstation systemd[1]: proc-sys-fs-binfmt_misc.automount: Got automount request for /proc/sys/fs/binfmt_misc, triggered by 473 (snap)
Mar  7 17:34:59 workstation kernel: [    0.704997] pci 0000:00:03.0: reg 0x18: [io  0xd020-0xd027]
Mar  7 17:34:59 workstation systemd[1]: proc-sys-fs-binfmt_misc.automount: Automount point already active?
Mar  7 17:34:59 workstation kernel: [    0.706879] pci 0000:00:04.0: [80ee:cafe] type 00 class 0x088000
Mar  7 17:34:59 workstation systemd[1]: proc-sys-fs-binfmt_misc.automount: Got automount request for /proc/sys/fs/binfmt_misc, triggered by 473 (snap)
Mar  7 17:34:59 workstation kernel: [    0.707302] pci 0000:00:04.0: reg 0x10: [io  0xd040-0xd05f]
Mar  7 17:34:59 workstation kernel: [    0.707558] pci 0000:00:04.0: reg 0x14: [mem 0xf0400000-0xf07fffff]
Mar  7 17:34:59 workstation kernel: [    0.707884] pci 0000:00:04.0: reg 0x18: [mem 0xf0800000-0xf0803fff pref]
Mar  7 17:34:59 workstation kernel: [    0.710665] pci 0000:00:05.0: [8086:2415] type 00 class 0x040100
Mar  7 17:34:59 workstation kernel: [    0.710665] pci 0000:00:05.0: reg 0x10: [io  0xd100-0xd1ff]
Mar  7 17:34:59 workstation systemd[1]: proc-sys-fs-binfmt_misc.automount: Automount point already active?
Mar  7 17:34:59 workstation kernel: [    0.710682] pci 0000:00:05.0: reg 0x14: [io  0xd200-0xd23f]
Mar  7 17:34:59 workstation systemd[1]: proc-sys-fs-binfmt_misc.automount: Got automount request for /proc/sys/fs/binfmt_misc, triggered by 473 (snap)
Mar  7 17:34:59 workstation kernel: [    0.713514] pci 0000:00:06.0: [106b:003f] type 00 class 0x0c0310
Mar  7 17:34:59 workstation kernel: [    0.713772] pci 0000:00:06.0: reg 0x10: [mem 0xf0804000-0xf0804fff]
Mar  7 17:34:59 workstation kernel: [    0.716489] pci 0000:00:07.0: [8086:7113] type 00 class 0x068000
Mar  7 17:34:59 workstation kernel: [    0.717293] pci 0000:00:07.0: quirk: [io  0x4000-0x403f] claimed by PIIX4 ACPI
Mar  7 17:34:59 workstation systemd[1]: proc-sys-fs-binfmt_misc.automount: Automount point already active?
Mar  7 17:34:59 workstation kernel: [    0.717309] pci 0000:00:07.0: quirk: [io  0x4100-0x410f] claimed by PIIX4 SMB
Mar  7 17:34:59 workstation kernel: [    0.718909] pci 0000:00:08.0: [8086:100e] type 00 class 0x020000
Mar  7 17:34:59 workstation kernel: [    0.719205] pci 0000:00:08.0: reg 0x10: [mem 0xf0820000-0xf083ffff]
Mar  7 17:34:59 workstation systemd[1]: proc-sys-fs-binfmt_misc.automount: Got automount request for /proc/sys/fs/binfmt_misc, triggered by 473 (snap)
Mar  7 17:34:59 workstation kernel: [    0.719457] pci 0000:00:08.0: reg 0x18: [io  0xd240-0xd247]
Mar  7 17:34:59 workstation kernel: [    0.725087] pci 0000:00:0b.0: [8086:265c] type 00 class 0x0c0320
Mar  7 17:34:59 workstation kernel: [    0.725337] pci 0000:00:0b.0: reg 0x10: [mem 0xf0840000-0xf0840fff]
Mar  7 17:34:59 workstation kernel: [    0.729660] pci 0000:00:0d.0: [8086:2829] type 00 class 0x010601
Mar  7 17:34:59 workstation kernel: [    0.729943] pci 0000:00:0d.0: reg 0x10: [io  0xd248-0xd24f]
Mar  7 17:34:59 workstation systemd[1]: proc-sys-fs-binfmt_misc.automount: Automount point already active?
Mar  7 17:34:59 workstation kernel: [    0.730071] pci 0000:00:0d.0: reg 0x14: [io  0xd250-0xd253]
Mar  7 17:34:59 workstation systemd[1]: proc-sys-fs-binfmt_misc.automount: Got automount request for /proc/sys/fs/binfmt_misc, triggered by 473 (snap)
Mar  7 17:34:59 workstation kernel: [    0.730221] pci 0000:00:0d.0: reg 0x18: [io  0xd258-0xd25f]
Mar  7 17:34:59 workstation kernel: [    0.730380] pci 0000:00:0d.0: reg 0x1c: [io  0xd260-0xd263]
Mar  7 17:34:59 workstation kernel: [    0.730541] pci 0000:00:0d.0: reg 0x20: [io  0xd270-0xd27f]
Mar  7 17:34:59 workstation kernel: [    0.730665] pci 0000:00:0d.0: reg 0x24: [mem 0xf0842000-0xf0843fff]
Mar  7 17:34:59 workstation kernel: [    0.761932] ACPI: PCI Interrupt Link [LNKA] (IRQs 5 9 10 *11)
Mar  7 17:34:59 workstation systemd[1]: proc-sys-fs-binfmt_misc.automount: Automount point already active?
Mar  7 17:34:59 workstation kernel: [    0.762217] ACPI: PCI Interrupt Link [LNKB] (IRQs 5 9 *10 11)
Mar  7 17:34:59 workstation kernel: [    0.762309] ACPI: PCI Interrupt Link [LNKC] (IRQs 5 *9 10 11)
Mar  7 17:34:59 workstation systemd[1]: proc-sys-fs-binfmt_misc.automount: Got automount request for /proc/sys/fs/binfmt_misc, triggered by 473 (snap)
Mar  7 17:34:59 workstation kernel: [    0.762400] ACPI: PCI Interrupt Link [LNKD] (IRQs 5 9 10 *11)
Mar  7 17:34:59 workstation kernel: [    0.762665] iommu: Default domain type: Translated 
Mar  7 17:34:59 workstation kernel: [    0.762665] SCSI subsystem initialized
Mar  7 17:34:59 workstation kernel: [    0.762665] libata version 3.00 loaded.
Mar  7 17:34:59 workstation systemd[1]: proc-sys-fs-binfmt_misc.automount: Automount point already active?
Mar  7 17:34:59 workstation kernel: [    0.762665] pci 0000:00:02.0: vgaarb: setting as boot VGA device
Mar  7 17:34:59 workstation kernel: [    0.762665] pci 0000:00:02.0: vgaarb: VGA device added: decodes=io+mem,owns=io+mem,locks=none
Mar  7 17:34:59 workstation kernel: [    0.762665] pci 0000:00:02.0: vgaarb: bridge control possible
Mar  7 17:34:59 workstation kernel: [    0.762665] vgaarb: loaded
Mar  7 17:34:59 workstation kernel: [    0.762665] ACPI: bus type USB registered
Mar  7 17:34:59 workstation kernel: [    0.762665] usbcore: registered new interface driver usbfs
Mar  7 17:34:59 workstation systemd[1]: proc-sys-fs-binfmt_misc.automount: Got automount request for /proc/sys/fs/binfmt_misc, triggered by 473 (snap)
Mar  7 17:34:59 workstation kernel: [    0.762665] usbcore: registered new interface driver hub
Mar  7 17:34:59 workstation kernel: [    0.762665] usbcore: registered new device driver usb
Mar  7 17:34:59 workstation kernel: [    0.762665] pps_core: LinuxPPS API ver. 1 registered
Mar  7 17:34:59 workstation systemd[1]: proc-sys-fs-binfmt_misc.automount: Automount point already active?
Mar  7 17:34:59 workstation kernel: [    0.762665] pps_core: Software ver. 5.3.6 - Copyright 2005-2007 Rodolfo Giometti <giometti@linux.it>
Mar  7 17:34:59 workstation kernel: [    0.762665] PTP clock support registered
Mar  7 17:34:59 workstation kernel: [    0.762778] EDAC MC: Ver: 3.0.0
Mar  7 17:34:59 workstation systemd[1]: proc-sys-fs-binfmt_misc.automount: Got automount request for /proc/sys/fs/binfmt_misc, triggered by 473 (snap)
Mar  7 17:34:59 workstation kernel: [    0.763257] PCI: Using ACPI for IRQ routing
Mar  7 17:34:59 workstation kernel: [    0.763257] PCI: pci_cache_line_size set to 64 bytes
Mar  7 17:34:59 workstation kernel: [    0.763257] e820: reserve RAM buffer [mem 0x0009fc00-0x0009ffff]
Mar  7 17:34:59 workstation systemd[1]: proc-sys-fs-binfmt_misc.automount: Automount point already active?
Mar  7 17:34:59 workstation kernel: [    0.763257] e820: reserve RAM buffer [mem 0xdfff0000-0xdfffffff]
Mar  7 17:34:59 workstation kernel: [    0.763257] e820: reserve RAM buffer [mem 0x2e6900000-0x2e7ffffff]
Mar  7 17:34:59 workstation kernel: [    0.763257] NetLabel: Initializing
Mar  7 17:34:59 workstation systemd[1]: proc-sys-fs-binfmt_misc.automount: Got automount request for /proc/sys/fs/binfmt_misc, triggered by 473 (snap)
Mar  7 17:34:59 workstation kernel: [    0.763257] NetLabel:  domain hash size = 128
Mar  7 17:34:59 workstation kernel: [    0.763257] NetLabel:  protocols = UNLABELED CIPSOv4 CALIPSO
Mar  7 17:34:59 workstation kernel: [    0.763332] NetLabel:  unlabeled traffic allowed by default
Mar  7 17:34:59 workstation kernel: [    0.770665] clocksource: Switched to clocksource kvm-clock
Mar  7 17:34:59 workstation systemd[1]: proc-sys-fs-binfmt_misc.automount: Automount point already active?
Mar  7 17:34:59 workstation kernel: [    0.790174] *** VALIDATE bpf ***
Mar  7 17:34:59 workstation kernel: [    0.790216] VFS: Disk quotas dquot_6.6.0
Mar  7 17:34:59 workstation kernel: [    0.790233] VFS: Dquot-cache hash table entries: 512 (order 0, 4096 bytes)
Mar  7 17:34:59 workstation kernel: [    0.790257] *** VALIDATE ramfs ***
Mar  7 17:34:59 workstation kernel: [    0.790259] *** VALIDATE hugetlbfs ***
Mar  7 17:34:59 workstation systemd[1]: proc-sys-fs-binfmt_misc.automount: Got automount request for /proc/sys/fs/binfmt_misc, triggered by 473 (snap)
Mar  7 17:34:59 workstation kernel: [    0.790435] AppArmor: AppArmor Filesystem Enabled
Mar  7 17:34:59 workstation kernel: [    0.790460] pnp: PnP ACPI init
Mar  7 17:34:59 workstation systemd[1]: proc-sys-fs-binfmt_misc.automount: Automount point already active?
Mar  7 17:34:59 workstation kernel: [    0.790516] pnp 00:00: Plug and Play ACPI device, IDs PNP0303 (active)
Mar  7 17:34:59 workstation kernel: [    0.790573] pnp 00:01: Plug and Play ACPI device, IDs PNP0f03 (active)
Mar  7 17:34:59 workstation kernel: [    0.791274] pnp: PnP ACPI: found 2 devices
Mar  7 17:34:59 workstation kernel: [    0.810631] thermal_sys: Registered thermal governor 'fair_share'
Mar  7 17:34:59 workstation kernel: [    0.810631] thermal_sys: Registered thermal governor 'bang_bang'
Mar  7 17:34:59 workstation systemd[1]: proc-sys-fs-binfmt_misc.automount: Got automount request for /proc/sys/fs/binfmt_misc, triggered by 473 (snap)
Mar  7 17:34:59 workstation kernel: [    0.810632] thermal_sys: Registered thermal governor 'step_wise'
Mar  7 17:34:59 workstation kernel: [    0.810633] thermal_sys: Registered thermal governor 'user_space'
Mar  7 17:34:59 workstation systemd[1]: proc-sys-fs-binfmt_misc.automount: Automount point already active?
Mar  7 17:34:59 workstation kernel: [    0.810633] thermal_sys: Registered thermal governor 'power_allocator'
Mar  7 17:34:59 workstation kernel: [    0.815424] clocksource: acpi_pm: mask: 0xffffff max_cycles: 0xffffff, max_idle_ns: 2085701024 ns
Mar  7 17:34:59 workstation kernel: [    0.815446] pci_bus 0000:00: resource 4 [io  0x0000-0x0cf7 window]
Mar  7 17:34:59 workstation kernel: [    0.815447] pci_bus 0000:00: resource 5 [io  0x0d00-0xffff window]
Mar  7 17:34:59 workstation kernel: [    0.815448] pci_bus 0000:00: resource 6 [mem 0x000a0000-0x000bffff window]
Mar  7 17:34:59 workstation systemd[1]: proc-sys-fs-binfmt_misc.automount: Got automount request for /proc/sys/fs/binfmt_misc, triggered by 473 (snap)
Mar  7 17:34:59 workstation kernel: [    0.815449] pci_bus 0000:00: resource 7 [mem 0xe0000000-0xfdffffff window]
Mar  7 17:34:59 workstation systemd[1]: proc-sys-fs-binfmt_misc.automount: Automount point already active?
Mar  7 17:34:59 workstation kernel: [    0.815485] NET: Registered protocol family 2
Mar  7 17:34:59 workstation kernel: [    0.818982] IP idents hash table entries: 262144 (order: 9, 2097152 bytes, linear)
Mar  7 17:34:59 workstation kernel: [    0.820655] tcp_listen_portaddr_hash hash table entries: 8192 (order: 5, 131072 bytes, linear)
Mar  7 17:34:59 workstation kernel: [    0.823102] TCP established hash table entries: 131072 (order: 8, 1048576 bytes, linear)
Mar  7 17:34:59 workstation kernel: [    0.823457] TCP bind hash table entries: 65536 (order: 8, 1048576 bytes, linear)
Mar  7 17:34:59 workstation systemd[1]: proc-sys-fs-binfmt_misc.automount: Got automount request for /proc/sys/fs/binfmt_misc, triggered by 473 (snap)
Mar  7 17:34:59 workstation kernel: [    0.823457] TCP: Hash tables configured (established 131072 bind 65536)
Mar  7 17:34:59 workstation systemd[1]: proc-sys-fs-binfmt_misc.automount: Automount point already active?
Mar  7 17:34:59 workstation kernel: [    0.823457] UDP hash table entries: 8192 (order: 6, 262144 bytes, linear)
Mar  7 17:34:59 workstation kernel: [    0.823457] UDP-Lite hash table entries: 8192 (order: 6, 262144 bytes, linear)
Mar  7 17:34:59 workstation kernel: [    0.823457] NET: Registered protocol family 1
Mar  7 17:34:59 workstation kernel: [    0.823457] NET: Registered protocol family 44
Mar  7 17:34:59 workstation kernel: [    0.823457] pci 0000:00:00.0: Limiting direct PCI/PCI transfers
Mar  7 17:34:59 workstation systemd[1]: proc-sys-fs-binfmt_misc.automount: Got automount request for /proc/sys/fs/binfmt_misc, triggered by 473 (snap)
Mar  7 17:34:59 workstation kernel: [    0.823457] pci 0000:00:01.0: Activating ISA DMA hang workarounds
Mar  7 17:34:59 workstation kernel: [    0.823457] pci 0000:00:02.0: Video device with shadowed ROM at [mem 0x000c0000-0x000dffff]
Mar  7 17:34:59 workstation systemd[1]: proc-sys-fs-binfmt_misc.automount: Automount point already active?
Mar  7 17:34:59 workstation kernel: [    0.823457] PCI: CLS 0 bytes, default 64
Mar  7 17:34:59 workstation kernel: [    0.823457] Trying to unpack rootfs image as initramfs...
Mar  7 17:34:59 workstation kernel: [    1.481649] Freeing initrd memory: 44572K
Mar  7 17:34:59 workstation kernel: [    1.481653] PCI-DMA: Using software bounce buffering for IO (SWIOTLB)
Mar  7 17:34:59 workstation kernel: [    1.481654] software IO TLB: mapped [mem 0xdbff0000-0xdfff0000] (64MB)
Mar  7 17:34:59 workstation systemd[1]: proc-sys-fs-binfmt_misc.automount: Got automount request for /proc/sys/fs/binfmt_misc, triggered by 473 (snap)
Mar  7 17:34:59 workstation kernel: [    1.481720] platform rtc_cmos: registered platform RTC device (no PNP device found)
Mar  7 17:34:59 workstation systemd[1]: proc-sys-fs-binfmt_misc.automount: Automount point already active?
Mar  7 17:34:59 workstation kernel: [    1.481782] check: Scanning for low memory corruption every 60 seconds
Mar  7 17:34:59 workstation kernel: [    1.483043] Initialise system trusted keyrings
Mar  7 17:34:59 workstation kernel: [    1.483050] Key type blacklist registered
Mar  7 17:34:59 workstation kernel: [    1.483580] workingset: timestamp_bits=36 max_order=22 bucket_order=0
Mar  7 17:34:59 workstation kernel: [    1.484908] zbud: loaded
Mar  7 17:34:59 workstation kernel: [    1.485319] squashfs: version 4.0 (2009/01/31) Phillip Lougher
Mar  7 17:34:59 workstation kernel: [    1.485892] fuse: init (API version 7.31)
Mar  7 17:34:59 workstation systemd[1]: proc-sys-fs-binfmt_misc.automount: Got automount request for /proc/sys/fs/binfmt_misc, triggered by 473 (snap)
Mar  7 17:34:59 workstation kernel: [    1.485951] *** VALIDATE fuse ***
Mar  7 17:34:59 workstation kernel: [    1.485952] *** VALIDATE fuse ***
Mar  7 17:34:59 workstation kernel: [    1.486268] Platform Keyring initialized
Mar  7 17:34:59 workstation systemd[1]: proc-sys-fs-binfmt_misc.automount: Automount point already active?
Mar  7 17:34:59 workstation kernel: [    1.488717] Key type asymmetric registered
Mar  7 17:34:59 workstation kernel: [    1.488718] Asymmetric key parser 'x509' registered
Mar  7 17:34:59 workstation kernel: [    1.488726] Block layer SCSI generic (bsg) driver version 0.4 loaded (major 244)
Mar  7 17:34:59 workstation systemd[1]: Received SIGRTMIN+20 from PID 541 (plymouthd).
Mar  7 17:34:59 workstation kernel: [    1.489014] io scheduler mq-deadline registered
Mar  7 17:34:59 workstation kernel: [    1.490265] shpchp: Standard Hot Plug PCI Controller Driver version: 0.4
Mar  7 17:34:59 workstation systemd[1]: Started Show Plymouth Boot Screen.
Mar  7 17:34:59 workstation kernel: [    1.490301] intel_idle: does not run on family 6 model 151
Mar  7 17:34:59 workstation kernel: [    1.490436] ACPI: AC Adapter [AC] (on-line)
Mar  7 17:34:59 workstation kernel: [    1.490476] input: Power Button as /devices/LNXSYSTM:00/LNXPWRBN:00/input/input0
Mar  7 17:34:59 workstation kernel: [    1.490497] ACPI: Power Button [PWRF]
Mar  7 17:34:59 workstation kernel: [    1.490592] input: Sleep Button as /devices/LNXSYSTM:00/LNXSLPBN:00/input/input1
Mar  7 17:34:59 workstation systemd[1]: Started Forward Password Requests to Plymouth Directory Watch.
Mar  7 17:34:59 workstation kernel: [    1.490606] ACPI: Sleep Button [SLPF]
Mar  7 17:34:59 workstation systemd[1]: Reached target Local Encrypted Volumes.
Mar  7 17:34:59 workstation kernel: [    1.491594] Serial: 8250/16550 driver, 32 ports, IRQ sharing enabled
Mar  7 17:34:59 workstation kernel: [    1.499379] Linux agpgart interface v0.103
Mar  7 17:34:59 workstation kernel: [    1.697869] loop: module loaded
Mar  7 17:34:59 workstation kernel: [    1.698368] ata_piix 0000:00:01.1: version 2.13
Mar  7 17:34:59 workstation kernel: [    1.700260] scsi host0: ata_piix
Mar  7 17:34:59 workstation apparmor[485]:  * Starting AppArmor profiles
Mar  7 17:34:59 workstation kernel: [    1.700745] scsi host1: ata_piix
Mar  7 17:34:59 workstation kernel: [    1.700799] ata1: PATA max UDMA/33 cmd 0x1f0 ctl 0x3f6 bmdma 0xd000 irq 14
Mar  7 17:34:59 workstation kernel: [    1.700799] ata2: PATA max UDMA/33 cmd 0x170 ctl 0x376 bmdma 0xd008 irq 15
Mar  7 17:34:59 workstation kernel: [    1.700919] tun: Universal TUN/TAP device driver, 1.6
Mar  7 17:34:59 workstation apparmor[485]: Skipping profile in /etc/apparmor.d/disable: usr.bin.firefox
Mar  7 17:34:59 workstation apparmor[485]: Skipping profile in /etc/apparmor.d/disable: usr.sbin.rsyslogd
Mar  7 17:34:59 workstation apparmor[485]:    ...done.
Mar  7 17:34:59 workstation systemd[1]: Started AppArmor initialization.
Mar  7 17:34:59 workstation systemd[1]: Starting Raise network interfaces...
Mar  7 17:34:59 workstation systemd[1]: Starting Load AppArmor profiles managed internally by snapd...
Mar  7 17:34:59 workstation systemd[1]: Started Raise network interfaces.
Mar  7 17:34:59 workstation systemd[1]: Started Load AppArmor profiles managed internally by snapd.
Mar  7 17:34:59 workstation systemd[1]: Reached target System Initialization.
Mar  7 17:34:59 workstation systemd[1]: Started Daily Cleanup of Temporary Directories.
Mar  7 17:34:59 workstation systemd[1]: Listening on D-Bus System Message Bus Socket.
Mar  7 17:34:59 workstation systemd[1]: Started ACPI Events Check.
Mar  7 17:34:59 workstation systemd[1]: Listening on UUID daemon activation socket.
Mar  7 17:34:59 workstation systemd[1]: Listening on CUPS Scheduler.
Mar  7 17:34:59 workstation systemd[1]: Starting Socket activation for snappy daemon.
Mar  7 17:34:59 workstation systemd[1]: Started Discard unused blocks once a week.
Mar  7 17:34:59 workstation systemd[1]: Started Message of the Day.
Mar  7 17:34:59 workstation systemd[1]: Started CUPS Scheduler.
Mar  7 17:34:59 workstation systemd[1]: Reached target Paths.
Mar  7 17:34:59 workstation systemd[1]: Started Trigger anacron every hour.
Mar  7 17:34:59 workstation systemd[1]: Started Daily apt download activities.
Mar  7 17:34:59 workstation systemd[1]: Started Daily apt upgrade and clean activities.
Mar  7 17:34:59 workstation systemd[1]: Reached target Timers.
Mar  7 17:34:59 workstation systemd[1]: Listening on ACPID Listen Socket.
Mar  7 17:34:59 workstation systemd[1]: Listening on Avahi mDNS/DNS-SD Stack Activation Socket.
Mar  7 17:34:59 workstation systemd[1]: Listening on Socket activation for snappy daemon.
Mar  7 17:34:59 workstation systemd[1]: Reached target Sockets.
Mar  7 17:34:59 workstation kernel: [    1.701241] PPP generic driver version 2.4.2
Mar  7 17:34:59 workstation kernel: [    1.701335] VFIO - User Level meta-driver version: 0.3
Mar  7 17:34:59 workstation kernel: [    1.701941] ehci_hcd: USB 2.0 'Enhanced' Host Controller (EHCI) Driver
Mar  7 17:34:59 workstation systemd[1]: Reached target Basic System.
Mar  7 17:34:59 workstation kernel: [    1.701990] ehci-pci: EHCI PCI platform driver
Mar  7 17:34:59 workstation kernel: [    1.702964] ehci-pci 0000:00:0b.0: EHCI Host Controller
Mar  7 17:34:59 workstation systemd[1]: Starting Dispatcher daemon for systemd-networkd...
